../Core/Src/commands.cpp:76:12:int tokenize(char*, char**, int)	32	static
../Core/Src/commands.cpp:89:6:bool dispatch(const CommandNode*, uint8_t, CommandContext*, int)	32	static
../Core/Inc/commands.h:35:16:CommandContext::CommandContext()	16	static
../Core/Src/commands.cpp:171:6:void processUSB()	64	static
../Core/Src/commands.cpp:201:6:void pushUSB()	8	static
../Core/Src/commands.cpp:210:6:void handleLogic(CommandContext*)	24	static
../Core/Src/commands.cpp:231:6:void handleSyncBit(CommandContext*)	24	static
../Core/Src/commands.cpp:253:6:void handleStatus(CommandContext*)	16	static
../Core/Src/commands.cpp:265:6:void handleVersion(CommandContext*)	16	static
../Core/Src/commands.cpp:277:6:void handleRxMode(CommandContext*)	24	static
../Core/Src/commands.cpp:296:6:void handleRxTimeout(CommandContext*)	24	static
../Core/Src/commands.cpp:315:6:void handleBitPeriod(CommandContext*)	24	static
../Core/Src/commands.cpp:328:6:void handleRxMatchCount(CommandContext*)	24	static
../Core/Src/commands.cpp:346:6:void handleRxMinLength(CommandContext*)	24	static
../Core/Src/commands.cpp:364:6:void handleRxMaxLength(CommandContext*)	24	static
../Core/Src/commands.cpp:382:6:void handleTxLong(CommandContext*)	24	static
../Core/Src/commands.cpp:401:6:void handleTxShort(CommandContext*)	24	static
../Core/Src/commands.cpp:420:6:void handleTxFrameDelay(CommandContext*)	24	static
../Core/Src/commands.cpp:439:6:void handleTxBurstDelay(CommandContext*)	24	static
../Core/Src/commands.cpp:458:6:void handleTxRepeat(CommandContext*)	24	static
../Core/Src/commands.cpp:485:6:void handleTxWord(CommandContext*)	24	static
../Core/Src/commands.cpp:528:6:void bufferValueResponse(CommandContext*, long int)	24	static
../Core/Src/commands.cpp:542:6:void bufferOk()	8	static
