../Core/Inc/receiver.h:31:3:RxPacket::RxPacket()	16	static
../Core/Inc/receiver.h:42:3:RxCorrelBuffer::RxCorrelBuffer()	24	static
../Core/Inc/receiver.h:58:3:Receiver::Receiver()	16	static
../Core/Src/receiver.cpp:33:6:void rxInit(Receiver*)	16	static
../Core/Src/receiver.cpp:42:6:bool isRxEnabled()	8	static
../Core/Src/receiver.cpp:49:6:void enableRx()	8	static
../Core/Src/receiver.cpp:56:6:void disableRx()	8	static
../Core/Src/receiver.cpp:65:6:void clearRxPacket(RxPacket*)	16	static
../Core/Src/receiver.cpp:78:6:void receivedWord(RxCorrelBuffer*, RxPacket*)	48	static
../Core/Src/receiver.cpp:147:6:void checkRxBuffers()	120	static
../Core/Src/receiver.cpp:248:6:void HAL_TIM_IC_CaptureCallback(TIM_HandleTypeDef*)	24	static
../Core/Src/receiver.cpp:275:6:void HAL_TIM_PeriodElapsedCallback(TIM_HandleTypeDef*)	16	static
../Core/Src/receiver.cpp:280:1:void __static_initialization_and_destruction_0()	8	static
../Core/Src/receiver.cpp:280:1:cpp)	8	static
