../Core/Inc/transmitter.h:43:3:Transmitter::Transmitter()	16	static
../Core/Inc/transmitter.h:28:3:TxPacket::TxPacket()	16	static
../Core/Src/transmitter.cpp:25:6:void txInit(Transmitter*)	16	static
../Core/Src/transmitter.cpp:36:6:void updateARR(Transmitter*)	16	static
../Core/Src/transmitter.cpp:44:6:void makeTxPacket(Transmitter*, TxPacket*)	32	static
../Core/Src/transmitter.cpp:80:6:void processTx(Transmitter*, TxPacket*)	32	static
../Core/Src/transmitter.cpp:150:6:void HAL_TIM_PWM_PulseFinishedCallback(TIM_HandleTypeDef*)	16	static
../Core/Src/transmitter.cpp:158:1:void __static_initialization_and_destruction_0()	8	static
../Core/Src/transmitter.cpp:158:1:cpp)	8	static
