Archive member included to satisfy reference by file (symbol)

C:/ST/STM32CubeIDE_1.18.1/STM32CubeIDE/plugins/com.st.stm32cube.ide.mcu.externaltools.gnu-tools-for-stm32.13.3.rel1.win32_1.0.0.202411081344/tools/bin/../lib/gcc/arm-none-eabi/13.3.1/../../../../arm-none-eabi/lib/thumb/v7-m/nofp\libc_nano.a(libc_a-atoi.o)
                              ./Core/Src/commands.o (atoi)
C:/ST/STM32CubeIDE_1.18.1/STM32CubeIDE/plugins/com.st.stm32cube.ide.mcu.externaltools.gnu-tools-for-stm32.13.3.rel1.win32_1.0.0.202411081344/tools/bin/../lib/gcc/arm-none-eabi/13.3.1/../../../../arm-none-eabi/lib/thumb/v7-m/nofp\libc_nano.a(libc_a-exit.o)
                              C:/ST/STM32CubeIDE_1.18.1/STM32CubeIDE/plugins/com.st.stm32cube.ide.mcu.externaltools.gnu-tools-for-stm32.13.3.rel1.win32_1.0.0.202411081344/tools/bin/../lib/gcc/arm-none-eabi/13.3.1/../../../../arm-none-eabi/lib/thumb/v7-m/nofp/crt0.o (exit)
C:/ST/STM32CubeIDE_1.18.1/STM32CubeIDE/plugins/com.st.stm32cube.ide.mcu.externaltools.gnu-tools-for-stm32.13.3.rel1.win32_1.0.0.202411081344/tools/bin/../lib/gcc/arm-none-eabi/13.3.1/../../../../arm-none-eabi/lib/thumb/v7-m/nofp\libc_nano.a(libc_a-strtol.o)
                              C:/ST/STM32CubeIDE_1.18.1/STM32CubeIDE/plugins/com.st.stm32cube.ide.mcu.externaltools.gnu-tools-for-stm32.13.3.rel1.win32_1.0.0.202411081344/tools/bin/../lib/gcc/arm-none-eabi/13.3.1/../../../../arm-none-eabi/lib/thumb/v7-m/nofp\libc_nano.a(libc_a-atoi.o) (_strtol_r)
C:/ST/STM32CubeIDE_1.18.1/STM32CubeIDE/plugins/com.st.stm32cube.ide.mcu.externaltools.gnu-tools-for-stm32.13.3.rel1.win32_1.0.0.202411081344/tools/bin/../lib/gcc/arm-none-eabi/13.3.1/../../../../arm-none-eabi/lib/thumb/v7-m/nofp\libc_nano.a(libc_a-ctype_.o)
                              C:/ST/STM32CubeIDE_1.18.1/STM32CubeIDE/plugins/com.st.stm32cube.ide.mcu.externaltools.gnu-tools-for-stm32.13.3.rel1.win32_1.0.0.202411081344/tools/bin/../lib/gcc/arm-none-eabi/13.3.1/../../../../arm-none-eabi/lib/thumb/v7-m/nofp\libc_nano.a(libc_a-strtol.o) (_ctype_)
C:/ST/STM32CubeIDE_1.18.1/STM32CubeIDE/plugins/com.st.stm32cube.ide.mcu.externaltools.gnu-tools-for-stm32.13.3.rel1.win32_1.0.0.202411081344/tools/bin/../lib/gcc/arm-none-eabi/13.3.1/../../../../arm-none-eabi/lib/thumb/v7-m/nofp\libc_nano.a(libc_a-qsort.o)
                              ./Core/Src/more_math.o (qsort)
C:/ST/STM32CubeIDE_1.18.1/STM32CubeIDE/plugins/com.st.stm32cube.ide.mcu.externaltools.gnu-tools-for-stm32.13.3.rel1.win32_1.0.0.202411081344/tools/bin/../lib/gcc/arm-none-eabi/13.3.1/../../../../arm-none-eabi/lib/thumb/v7-m/nofp\libc_nano.a(libc_a-findfp.o)
                              C:/ST/STM32CubeIDE_1.18.1/STM32CubeIDE/plugins/com.st.stm32cube.ide.mcu.externaltools.gnu-tools-for-stm32.13.3.rel1.win32_1.0.0.202411081344/tools/bin/../lib/gcc/arm-none-eabi/13.3.1/../../../../arm-none-eabi/lib/thumb/v7-m/nofp\libc_nano.a(libc_a-exit.o) (__stdio_exit_handler)
C:/ST/STM32CubeIDE_1.18.1/STM32CubeIDE/plugins/com.st.stm32cube.ide.mcu.externaltools.gnu-tools-for-stm32.13.3.rel1.win32_1.0.0.202411081344/tools/bin/../lib/gcc/arm-none-eabi/13.3.1/../../../../arm-none-eabi/lib/thumb/v7-m/nofp\libc_nano.a(libc_a-fwalk.o)
                              C:/ST/STM32CubeIDE_1.18.1/STM32CubeIDE/plugins/com.st.stm32cube.ide.mcu.externaltools.gnu-tools-for-stm32.13.3.rel1.win32_1.0.0.202411081344/tools/bin/../lib/gcc/arm-none-eabi/13.3.1/../../../../arm-none-eabi/lib/thumb/v7-m/nofp\libc_nano.a(libc_a-findfp.o) (_fwalk_sglue)
C:/ST/STM32CubeIDE_1.18.1/STM32CubeIDE/plugins/com.st.stm32cube.ide.mcu.externaltools.gnu-tools-for-stm32.13.3.rel1.win32_1.0.0.202411081344/tools/bin/../lib/gcc/arm-none-eabi/13.3.1/../../../../arm-none-eabi/lib/thumb/v7-m/nofp\libc_nano.a(libc_a-sprintf.o)
                              ./Core/Src/commands.o (sprintf)
C:/ST/STM32CubeIDE_1.18.1/STM32CubeIDE/plugins/com.st.stm32cube.ide.mcu.externaltools.gnu-tools-for-stm32.13.3.rel1.win32_1.0.0.202411081344/tools/bin/../lib/gcc/arm-none-eabi/13.3.1/../../../../arm-none-eabi/lib/thumb/v7-m/nofp\libc_nano.a(libc_a-stdio.o)
                              C:/ST/STM32CubeIDE_1.18.1/STM32CubeIDE/plugins/com.st.stm32cube.ide.mcu.externaltools.gnu-tools-for-stm32.13.3.rel1.win32_1.0.0.202411081344/tools/bin/../lib/gcc/arm-none-eabi/13.3.1/../../../../arm-none-eabi/lib/thumb/v7-m/nofp\libc_nano.a(libc_a-findfp.o) (__sread)
C:/ST/STM32CubeIDE_1.18.1/STM32CubeIDE/plugins/com.st.stm32cube.ide.mcu.externaltools.gnu-tools-for-stm32.13.3.rel1.win32_1.0.0.202411081344/tools/bin/../lib/gcc/arm-none-eabi/13.3.1/../../../../arm-none-eabi/lib/thumb/v7-m/nofp\libc_nano.a(libc_a-memmove.o)
                              ./Core/Src/core_main.o (memmove)
C:/ST/STM32CubeIDE_1.18.1/STM32CubeIDE/plugins/com.st.stm32cube.ide.mcu.externaltools.gnu-tools-for-stm32.13.3.rel1.win32_1.0.0.202411081344/tools/bin/../lib/gcc/arm-none-eabi/13.3.1/../../../../arm-none-eabi/lib/thumb/v7-m/nofp\libc_nano.a(libc_a-memset.o)
[...]
Memory Configuration

Name             Origin             Length             Attributes
RAM              0x20000000         0x00005000         xrw
FLASH            0x08000000         0x00010000         xr
*default*        0x00000000         0xffffffff

Linker script and memory map

LOAD C:/ST/STM32CubeIDE_1.18.1/STM32CubeIDE/plugins/com.st.stm32cube.ide.mcu.externaltools.gnu-tools-for-stm32.13.3.rel1.win32_1.0.0.202411081344/tools/bin/../lib/gcc/arm-none-eabi/13.3.1/thumb/v7-m/nofp/crti.o
LOAD C:/ST/STM32CubeIDE_1.18.1/STM32CubeIDE/plugins/com.st.stm32cube.ide.mcu.externaltools.gnu-tools-for-stm32.13.3.rel1.win32_1.0.0.202411081344/tools/bin/../lib/gcc/arm-none-eabi/13.3.1/thumb/v7-m/nofp/crtbegin.o
LOAD C:/ST/STM32CubeIDE_1.18.1/STM32CubeIDE/plugins/com.st.stm32cube.ide.mcu.externaltools.gnu-tools-for-stm32.13.3.rel1.win32_1.0.0.202411081344/tools/bin/../lib/gcc/arm-none-eabi/13.3.1/../../../../arm-none-eabi/lib/thumb/v7-m/nofp/crt0.o
LOAD ./Core/Src/commands.o
LOAD ./Core/Src/core_main.o
LOAD ./Core/Src/main.o
LOAD ./Core/Src/more_math.o
LOAD ./Core/Src/receiver.o
LOAD ./Core/Src/transmitter.o
LOAD ./Core/Src/sys/stm32f1xx_hal_msp.o
LOAD ./Core/Src/sys/stm32f1xx_it.o
LOAD ./Core/Src/sys/syscalls.o
LOAD ./Core/Src/sys/sysmem.o
LOAD ./Core/Src/sys/system_stm32f1xx.o
LOAD ./Core/Startup/startup_stm32f103c8tx.o
LOAD ./Drivers/STM32F1xx_HAL_Driver/Src/stm32f1xx_hal.o
LOAD ./Drivers/STM32F1xx_HAL_Driver/Src/stm32f1xx_hal_cortex.o
LOAD ./Drivers/STM32F1xx_HAL_Driver/Src/stm32f1xx_hal_dma.o
LOAD ./Drivers/STM32F1xx_HAL_Driver/Src/stm32f1xx_hal_exti.o
LOAD ./Drivers/STM32F1xx_HAL_Driver/Src/stm32f1xx_hal_flash.o
LOAD ./Drivers/STM32F1xx_HAL_Driver/Src/stm32f1xx_hal_flash_ex.o
LOAD ./Drivers/STM32F1xx_HAL_Driver/Src/stm32f1xx_hal_gpio.o
LOAD ./Drivers/STM32F1xx_HAL_Driver/Src/stm32f1xx_hal_gpio_ex.o
LOAD ./Drivers/STM32F1xx_HAL_Driver/Src/stm32f1xx_hal_pcd.o
LOAD ./Drivers/STM32F1xx_HAL_Driver/Src/stm32f1xx_hal_pcd_ex.o
LOAD ./Drivers/STM32F1xx_HAL_Driver/Src/stm32f1xx_hal_pwr.o
LOAD ./Drivers/STM32F1xx_HAL_Driver/Src/stm32f1xx_hal_rcc.o
LOAD ./Drivers/STM32F1xx_HAL_Driver/Src/stm32f1xx_hal_rcc_ex.o
LOAD ./Drivers/STM32F1xx_HAL_Driver/Src/stm32f1xx_hal_tim.o
LOAD ./Drivers/STM32F1xx_HAL_Driver/Src/stm32f1xx_hal_tim_ex.o
LOAD ./Drivers/STM32F1xx_HAL_Driver/Src/stm32f1xx_ll_usb.o
LOAD ./Middlewares/ST/STM32_USB_Device_Library/Class/CDC/Src/usbd_cdc.o
LOAD ./Middlewares/ST/STM32_USB_Device_Library/Core/Src/usbd_core.o
LOAD ./Middlewares/ST/STM32_USB_Device_Library/Core/Src/usbd_ctlreq.o
LOAD ./Middlewares/ST/STM32_USB_Device_Library/Core/Src/usbd_ioreq.o
LOAD ./USB_DEVICE/App/usb_device.o
LOAD ./USB_DEVICE/App/usbd_cdc_if.o
LOAD ./USB_DEVICE/App/usbd_desc.o
LOAD ./USB_DEVICE/Target/usbd_conf.o
START GROUP
LOAD C:/ST/STM32CubeIDE_1.18.1/STM32CubeIDE/plugins/com.st.stm32cube.ide.mcu.externaltools.gnu-tools-for-stm32.13.3.rel1.win32_1.0.0.202411081344/tools/bin/../lib/gcc/arm-none-eabi/13.3.1/../../../../arm-none-eabi/lib/thumb/v7-m/nofp\libstdc++_nano.a
LOAD C:/ST/STM32CubeIDE_1.18.1/STM32CubeIDE/plugins/com.st.stm32cube.ide.mcu.externaltools.gnu-tools-for-stm32.13.3.rel1.win32_1.0.0.202411081344/tools/bin/../lib/gcc/arm-none-eabi/13.3.1/../../../../arm-none-eabi/lib/thumb/v7-m/nofp\libsupc++_nano.a
END GROUP
LOAD C:/ST/STM32CubeIDE_1.18.1/STM32CubeIDE/plugins/com.st.stm32cube.ide.mcu.externaltools.gnu-tools-for-stm32.13.3.rel1.win32_1.0.0.202411081344/tools/bin/../lib/gcc/arm-none-eabi/13.3.1/../../../../arm-none-eabi/lib/thumb/v7-m/nofp\libstdc++_nano.a
LOAD C:/ST/STM32CubeIDE_1.18.1/STM32CubeIDE/plugins/com.st.stm32cube.ide.mcu.externaltools.gnu-tools-for-stm32.13.3.rel1.win32_1.0.0.202411081344/tools/bin/../lib/gcc/arm-none-eabi/13.3.1/../../../../arm-none-eabi/lib/thumb/v7-m/nofp\libm.a
LOAD C:/ST/STM32CubeIDE_1.18.1/STM32CubeIDE/plugins/com.st.stm32cube.ide.mcu.externaltools.gnu-tools-for-stm32.13.3.rel1.win32_1.0.0.202411081344/tools/bin/../lib/gcc/arm-none-eabi/13.3.1/../../../../arm-none-eabi/lib/thumb/v7-m/nofp\libc_nano.a
START GROUP
LOAD C:/ST/STM32CubeIDE_1.18.1/STM32CubeIDE/plugins/com.st.stm32cube.ide.mcu.externaltools.gnu-tools-for-stm32.13.3.rel1.win32_1.0.0.202411081344/tools/bin/../lib/gcc/arm-none-eabi/13.3.1/thumb/v7-m/nofp\libgcc.a
LOAD C:/ST/STM32CubeIDE_1.18.1/STM32CubeIDE/plugins/com.st.stm32cube.ide.mcu.externaltools.gnu-tools-for-stm32.13.3.rel1.win32_1.0.0.202411081344/tools/bin/../lib/gcc/arm-none-eabi/13.3.1/../../../../arm-none-eabi/lib/thumb/v7-m/nofp\libc_nano.a
END GROUP
START GROUP
LOAD C:/ST/STM32CubeIDE_1.18.1/STM32CubeIDE/plugins/com.st.stm32cube.ide.mcu.externaltools.gnu-tools-for-stm32.13.3.rel1.win32_1.0.0.202411081344/tools/bin/../lib/gcc/arm-none-eabi/13.3.1/thumb/v7-m/nofp\libgcc.a
LOAD C:/ST/STM32CubeIDE_1.18.1/STM32CubeIDE/plugins/com.st.stm32cube.ide.mcu.externaltools.gnu-tools-for-stm32.13.3.rel1.win32_1.0.0.202411081344/tools/bin/../lib/gcc/arm-none-eabi/13.3.1/../../../../arm-none-eabi/lib/thumb/v7-m/nofp\libc_nano.a
LOAD C:/ST/STM32CubeIDE_1.18.1/STM32CubeIDE/plugins/com.st.stm32cube.ide.mcu.externaltools.gnu-tools-for-stm32.13.3.rel1.win32_1.0.0.202411081344/tools/bin/../lib/gcc/arm-none-eabi/13.3.1/../../../../arm-none-eabi/lib/thumb/v7-m/nofp\libnosys.a
END GROUP
START GROUP
LOAD C:/ST/STM32CubeIDE_1.18.1/STM32CubeIDE/plugins/com.st.stm32cube.ide.mcu.externaltools.gnu-tools-for-stm32.13.3.rel1.win32_1.0.0.202411081344/tools/bin/../lib/gcc/arm-none-eabi/13.3.1/thumb/v7-m/nofp\libgcc.a
LOAD C:/ST/STM32CubeIDE_1.18.1/STM32CubeIDE/plugins/com.st.stm32cube.ide.mcu.externaltools.gnu-tools-for-stm32.13.3.rel1.win32_1.0.0.202411081344/tools/bin/../lib/gcc/arm-none-eabi/13.3.1/../../../../arm-none-eabi/lib/thumb/v7-m/nofp\libc_nano.a
LOAD C:/ST/STM32CubeIDE_1.18.1/STM32CubeIDE/plugins/com.st.stm32cube.ide.mcu.externaltools.gnu-tools-for-stm32.13.3.rel1.win32_1.0.0.202411081344/tools/bin/../lib/gcc/arm-none-eabi/13.3.1/../../../../arm-none-eabi/lib/thumb/v7-m/nofp\libnosys.a
END GROUP
LOAD C:/ST/STM32CubeIDE_1.18.1/STM32CubeIDE/plugins/com.st.stm32cube.ide.mcu.externaltools.gnu-tools-for-stm32.13.3.rel1.win32_1.0.0.202411081344/tools/bin/../lib/gcc/arm-none-eabi/13.3.1/thumb/v7-m/nofp/crtend.o
LOAD C:/ST/STM32CubeIDE_1.18.1/STM32CubeIDE/plugins/com.st.stm32cube.ide.mcu.externaltools.gnu-tools-for-stm32.13.3.rel1.win32_1.0.0.202411081344/tools/bin/../lib/gcc/arm-none-eabi/13.3.1/thumb/v7-m/nofp/crtn.o
                0x20005000                        _estack = (ORIGIN (RAM) + LENGTH (RAM))
                0x00000200                        _Min_Heap_Size = 0x200
                0x00000f00                        _Min_Stack_Size = 0xf00

.isr_vector     0x08000000      0x10c
                0x08000000                        . = ALIGN (0x4)
 *(.isr_vector)
 .isr_vector    0x08000000      0x10c ./Core/Startup/startup_stm32f103c8tx.o
                0x08000000                g_pfnVectors
                0x0800010c                        . = ALIGN (0x4)

.text           0x0800010c     0xd7e4
                0x0800010c                        . = ALIGN (0x4)
 *(.text)
 .text          0x0800010c       0x40 C:/ST/STM32CubeIDE_1.18.1/STM32CubeIDE/plugins/com.st.stm32cube.ide.mcu.externaltools.gnu-tools-for-stm32.13.3.rel1.win32_1.0.0.202411081344/tools/bin/../lib/gcc/arm-none-eabi/13.3.1/thumb/v7-m/nofp/crtbegin.o
 .text          0x0800014c       0x14 C:/ST/STM32CubeIDE_1.18.1/STM32CubeIDE/plugins/com.st.stm32cube.ide.mcu.externaltools.gnu-tools-for-stm32.13.3.rel1.win32_1.0.0.202411081344/tools/bin/../lib/gcc/arm-none-eabi/13.3.1/../../../../arm-none-eabi/lib/thumb/v7-m/nofp\libc_nano.a(libc_a-strcmp.o)
                0x0800014c                strcmp
 .text          0x08000160       0x10 C:/ST/STM32CubeIDE_1.18.1/STM32CubeIDE/plugins/com.st.stm32cube.ide.mcu.externaltools.gnu-tools-for-stm32.13.3.rel1.win32_1.0.0.202411081344/tools/bin/../lib/gcc/arm-none-eabi/13.3.1/../../../../arm-none-eabi/lib/thumb/v7-m/nofp\libc_nano.a(libc_a-strlen.o)
                0x08000160                strlen
 .text          0x08000170      0x21c C:/ST/STM32CubeIDE_1.18.1/STM32CubeIDE/plugins/com.st.stm32cube.ide.mcu.externaltools.gnu-tools-for-stm32.13.3.rel1.win32_1.0.0.202411081344/tools/bin/../lib/gcc/arm-none-eabi/13.3.1/thumb/v7-m/nofp\libgcc.a(_arm_addsubsf3.o)
                0x08000170                __aeabi_frsub
                0x08000178                __subsf3
                0x08000178                __aeabi_fsub
                0x0800017c                __aeabi_fadd
                0x0800017c                __addsf3
                0x080002dc                __aeabi_ui2f
                0x080002dc                __floatunsisf
                0x080002e4                __aeabi_i2f
                0x080002e4                __floatsisf
                0x08000300                __aeabi_ul2f
                0x08000300                __floatundisf
                0x08000310                __aeabi_l2f
                0x08000310                __floatdisf
 .text          0x0800038c      0x2a0 C:/ST/STM32CubeIDE_1.18.1/STM32CubeIDE/plugins/com.st.stm32cube.ide.mcu.externaltools.gnu-tools-for-stm32.13.3.rel1.win32_1.0.0.202411081344/tools/bin/../lib/gcc/arm-none-eabi/13.3.1/thumb/v7-m/nofp\libgcc.a(_arm_muldivsf3.o)
                0x0800038c                __mulsf3
                0x0800038c                __aeabi_fmul
                0x080004f4                __aeabi_fdiv
                0x080004f4                __divsf3
 .text          0x0800062c       0xec C:/ST/STM32CubeIDE_1.18.1/STM32CubeIDE/plugins/com.st.stm32cube.ide.mcu.externaltools.gnu-tools-for-stm32.13.3.rel1.win32_1.0.0.202411081344/tools/bin/../lib/gcc/arm-none-eabi/13.3.1/thumb/v7-m/nofp\libgcc.a(_arm_cmpsf2.o)
                0x0800062c                __gesf2
                0x0800062c                __gtsf2
                0x08000634                __lesf2
                0x08000634                __ltsf2
                0x0800063c                __nesf2
                0x0800063c                __eqsf2
                0x0800063c                __cmpsf2
                0x0800069c                __aeabi_cfrcmple
                0x080006a4                __aeabi_cfcmpeq
                0x080006a4                __aeabi_cfcmple
                0x080006b4                __aeabi_fcmpeq
                0x080006c8                __aeabi_fcmplt
                0x080006dc                __aeabi_fcmple
                0x080006f0                __aeabi_fcmpge
                0x08000704                __aeabi_fcmpgt
 .text          0x08000718       0x40 C:/ST/STM32CubeIDE_1.18.1/STM32CubeIDE/plugins/com.st.stm32cube.ide.mcu.externaltools.gnu-tools-for-stm32.13.3.rel1.win32_1.0.0.202411081344/tools/bin/../lib/gcc/arm-none-eabi/13.3.1/thumb/v7-m/nofp\libgcc.a(_arm_fixunssfsi.o)
                0x08000718                __fixunssfsi
                0x08000718                __aeabi_f2uiz
 *(.text*)
 .text._ZL8tokenizePcPS_i
                0x08000758       0x54 ./Core/Src/commands.o
 .text._Z8dispatchPK11CommandNodehP14CommandContexti
                0x080007ac      0x158 ./Core/Src/commands.o
                0x080007ac                dispatch(CommandNode const*, unsigned char, CommandContext*, int)
 .text._ZN14CommandContextC2Ev
                0x08000904       0x1c ./Core/Src/commands.o
                0x08000904                CommandContext::CommandContext()
                0x08000904                CommandContext::CommandContext()
 .text._Z10processUSBv
                0x08000920       0x9c ./Core/Src/commands.o
                0x08000920                processUSB()
 .text._Z7pushUSBv
                0x080009bc       0x3c ./Core/Src/commands.o
                0x080009bc                pushUSB()
 .text._Z11handleLogicP14CommandContext
                0x080009f8       0xb4 ./Core/Src/commands.o
                0x080009f8                handleLogic(CommandContext*)
 .text._Z13handleSyncBitP14CommandContext
                0x08000aac       0xb4 ./Core/Src/commands.o
                0x08000aac                handleSyncBit(CommandContext*)
 .text._Z12handleStatusP14CommandContext
                0x08000b60       0x40 ./Core/Src/commands.o
                0x08000b60                handleStatus(CommandContext*)
 .text._Z13handleVersionP14CommandContext
                0x08000ba0       0x40 ./Core/Src/commands.o
                0x08000ba0                handleVersion(CommandContext*)
 .text._Z12handleRxModeP14CommandContext
                0x08000be0       0x6c ./Core/Src/commands.o
                0x08000be0                handleRxMode(CommandContext*)
 .text._Z15handleRxTimeoutP14CommandContext
                0x08000c4c       0x70 ./Core/Src/commands.o
                0x08000c4c                handleRxTimeout(CommandContext*)
 .text._Z15handleBitPeriodP14CommandContext
                0x08000cbc       0x40 ./Core/Src/commands.o
                0x08000cbc                handleBitPeriod(CommandContext*)
 .text._Z18handleRxMatchCountP14CommandContext
                0x08000cfc       0x60 ./Core/Src/commands.o
                0x08000cfc                handleRxMatchCount(CommandContext*)
 .text._Z17handleRxMinLengthP14CommandContext
                0x08000d5c       0x6c ./Core/Src/commands.o
                0x08000d5c                handleRxMinLength(CommandContext*)
 .text._Z17handleRxMaxLengthP14CommandContext
                0x08000dc8       0x6c ./Core/Src/commands.o
                0x08000dc8                handleRxMaxLength(CommandContext*)
 .text._Z12handleTxLongP14CommandContext
                0x08000e34       0x74 ./Core/Src/commands.o
                0x08000e34                handleTxLong(CommandContext*)
 .text._Z13handleTxShortP14CommandContext
                0x08000ea8       0x74 ./Core/Src/commands.o
                0x08000ea8                handleTxShort(CommandContext*)
 .text._Z18handleTxFrameDelayP14CommandContext
                0x08000f1c       0x84 ./Core/Src/commands.o
                0x08000f1c                handleTxFrameDelay(CommandContext*)
 .text._Z18handleTxBurstDelayP14CommandContext
                0x08000fa0       0x78 ./Core/Src/commands.o
                0x08000fa0                handleTxBurstDelay(CommandContext*)
 .text._Z14handleTxRepeatP14CommandContext
                0x08001018       0x60 ./Core/Src/commands.o
                0x08001018                handleTxRepeat(CommandContext*)
 .text._Z12handleTxWordP14CommandContext
                0x08001078      0x128 ./Core/Src/commands.o
                0x08001078                handleTxWord(CommandContext*)
 .text._Z19bufferValueResponseP14CommandContextl
                0x080011a0       0x8c ./Core/Src/commands.o
                0x080011a0                bufferValueResponse(CommandContext*, long)
 .text._Z8bufferOkv
                0x0800122c       0x1c ./Core/Src/commands.o
                0x0800122c                bufferOk()
 .text._Z10USER_setupv
                0x08001248       0x50 ./Core/Src/core_main.o
                0x08001248                USER_setup()
 .text._ZN8RxPacketC2Ev
                0x08001298       0x34 ./Core/Src/core_main.o
                0x08001298                RxPacket::RxPacket()
                0x08001298                RxPacket::RxPacket()
 .text._Z9USER_loopv
                0x080012cc      0x2e0 ./Core/Src/core_main.o
                0x080012cc                USER_loop()
 .text._Z10USER_errorv
                0x080015ac        0xc ./Core/Src/core_main.o
                0x080015ac                USER_error()
 .text._Z13USER_shutdownv
                0x080015b8        0xc ./Core/Src/core_main.o
                0x080015b8                USER_shutdown()
 .text.main     0x080015c4       0x68 ./Core/Src/main.o
                0x080015c4                main
 .text._Z18SystemClock_Configv
                0x0800162c       0xd2 ./Core/Src/main.o
                0x0800162c                SystemClock_Config()
 *fill*         0x080016fe        0x2 
 .text._ZL12MX_TIM1_Initv
                0x08001700      0x17c ./Core/Src/main.o
 .text._ZL12MX_TIM2_Initv
                0x0800187c      0x180 ./Core/Src/main.o
 .text._ZL11MX_DMA_Initv
                0x080019fc       0x3c ./Core/Src/main.o
 .text._ZL12MX_GPIO_Initv
                0x08001a38      0x10c ./Core/Src/main.o
 .text.Error_Handler
                0x08001b44        0xc ./Core/Src/main.o
                0x08001b44                Error_Handler
 .text._Z4modePmt
                0x08001b50       0x9c ./Core/Src/more_math.o
                0x08001b50                mode(unsigned long*, unsigned short)
 .text._Z7comparePKvS0_
                0x08001bec       0x1e ./Core/Src/more_math.o
                0x08001bec                compare(void const*, void const*)
 *fill*         0x08001c0a        0x2 
 .text._ZN14RxCorrelBufferC2Ev
                0x08001c0c       0x64 ./Core/Src/receiver.o
                0x08001c0c                RxCorrelBuffer::RxCorrelBuffer()
                0x08001c0c                RxCorrelBuffer::RxCorrelBuffer()
 .text._ZN8ReceiverC2Ev
                0x08001c70       0x4a ./Core/Src/receiver.o
                0x08001c70                Receiver::Receiver()
                0x08001c70                Receiver::Receiver()
 *fill*         0x08001cba        0x2 
 .text._Z6rxInitP8Receiver
                0x08001cbc       0x34 ./Core/Src/receiver.o
                0x08001cbc                rxInit(Receiver*)
 .text._Z11isRxEnabledv
                0x08001cf0       0x20 ./Core/Src/receiver.o
                0x08001cf0                isRxEnabled()
 .text._Z8enableRxv
                0x08001d10       0x18 ./Core/Src/receiver.o
                0x08001d10                enableRx()
 .text._Z9disableRxv
                0x08001d28       0x18 ./Core/Src/receiver.o
                0x08001d28                disableRx()
 .text._Z13clearRxPacketP8RxPacket
                0x08001d40       0x3e ./Core/Src/receiver.o
                0x08001d40                clearRxPacket(RxPacket*)
 *fill*         0x08001d7e        0x2 
 .text._Z12receivedWordP14RxCorrelBufferP8RxPacket
                0x08001d80      0x300 ./Core/Src/receiver.o
                0x08001d80                receivedWord(RxCorrelBuffer*, RxPacket*)
 .text._Z14checkRxBuffersv
                0x08002080      0x3a8 ./Core/Src/receiver.o
                0x08002080                checkRxBuffers()
 .text.HAL_TIM_IC_CaptureCallback
                0x08002428       0xcc ./Core/Src/receiver.o
                0x08002428                HAL_TIM_IC_CaptureCallback
 .text.HAL_TIM_PeriodElapsedCallback
                0x080024f4       0x38 ./Core/Src/receiver.o
                0x080024f4                HAL_TIM_PeriodElapsedCallback
 .text._Z41__static_initialization_and_destruction_0v
                0x0800252c       0x14 ./Core/Src/receiver.o
 .text._GLOBAL__sub_I_duty_tol
                0x08002540        0xa ./Core/Src/receiver.o
 *fill*         0x0800254a        0x2 
 .text._ZN11TransmitterC2Ev
                0x0800254c       0x48 ./Core/Src/transmitter.o
                0x0800254c                Transmitter::Transmitter()
                0x0800254c                Transmitter::Transmitter()
 .text._ZN8TxPacketC2Ev
                0x08002594       0x34 ./Core/Src/transmitter.o
                0x08002594                TxPacket::TxPacket()
                0x08002594                TxPacket::TxPacket()
 .text._Z6txInitP11Transmitter
                0x080025c8       0x2c ./Core/Src/transmitter.o
                0x080025c8                txInit(Transmitter*)
 .text._Z9updateARRP11Transmitter
                0x080025f4       0x2c ./Core/Src/transmitter.o
                0x080025f4                updateARR(Transmitter*)
 .text._Z12makeTxPacketP11TransmitterP8TxPacket
                0x08002620      0x124 ./Core/Src/transmitter.o
                0x08002620                makeTxPacket(Transmitter*, TxPacket*)
 .text._Z9processTxP11TransmitterP8TxPacket
                0x08002744      0x188 ./Core/Src/transmitter.o
                0x08002744                processTx(Transmitter*, TxPacket*)
 .text.HAL_TIM_PWM_PulseFinishedCallback
                0x080028cc       0x44 ./Core/Src/transmitter.o
                0x080028cc                HAL_TIM_PWM_PulseFinishedCallback
 .text._Z41__static_initialization_and_destruction_0v
                0x08002910       0x1c ./Core/Src/transmitter.o
 .text._GLOBAL__sub_I_tx
                0x0800292c        0xa ./Core/Src/transmitter.o
 *fill*         0x08002936        0x2 
 .text.HAL_MspInit
                0x08002938       0x64 ./Core/Src/sys/stm32f1xx_hal_msp.o
                0x08002938                HAL_MspInit
 .text.HAL_TIM_Base_MspInit
                0x0800299c      0x10c ./Core/Src/sys/stm32f1xx_hal_msp.o
                0x0800299c                HAL_TIM_Base_MspInit
 .text.HAL_TIM_MspPostInit
                0x08002aa8       0x68 ./Core/Src/sys/stm32f1xx_hal_msp.o
                0x08002aa8                HAL_TIM_MspPostInit
 .text.NMI_Handler
                0x08002b10        0x8 ./Core/Src/sys/stm32f1xx_it.o
                0x08002b10                NMI_Handler
 .text.HardFault_Handler
                0x08002b18       0x14 ./Core/Src/sys/stm32f1xx_it.o
                0x08002b18                HardFault_Handler
 .text.MemManage_Handler
                0x08002b2c        0x8 ./Core/Src/sys/stm32f1xx_it.o
                0x08002b2c                MemManage_Handler
 .text.BusFault_Handler
                0x08002b34        0x8 ./Core/Src/sys/stm32f1xx_it.o
                0x08002b34                BusFault_Handler
 .text.UsageFault_Handler
                0x08002b3c        0x8 ./Core/Src/sys/stm32f1xx_it.o
                0x08002b3c                UsageFault_Handler
 .text.SVC_Handler
                0x08002b44        0xc ./Core/Src/sys/stm32f1xx_it.o
                0x08002b44                SVC_Handler
 .text.DebugMon_Handler
                0x08002b50        0xc ./Core/Src/sys/stm32f1xx_it.o
                0x08002b50                DebugMon_Handler
 .text.PendSV_Handler
                0x08002b5c        0xc ./Core/Src/sys/stm32f1xx_it.o
                0x08002b5c                PendSV_Handler
 .text.SysTick_Handler
                0x08002b68        0xc ./Core/Src/sys/stm32f1xx_it.o
                0x08002b68                SysTick_Handler
 .text.DMA1_Channel2_IRQHandler
                0x08002b74       0x14 ./Core/Src/sys/stm32f1xx_it.o
                0x08002b74                DMA1_Channel2_IRQHandler
 .text.USB_LP_CAN1_RX0_IRQHandler
                0x08002b88       0x14 ./Core/Src/sys/stm32f1xx_it.o
                0x08002b88                USB_LP_CAN1_RX0_IRQHandler
 .text.TIM2_IRQHandler
                0x08002b9c       0x14 ./Core/Src/sys/stm32f1xx_it.o
                0x08002b9c                TIM2_IRQHandler
 .text._getpid  0x08002bb0        0xe ./Core/Src/sys/syscalls.o
                0x08002bb0                _getpid
 .text._kill    0x08002bbe       0x20 ./Core/Src/sys/syscalls.o
                0x08002bbe                _kill
 .text._exit    0x08002bde       0x16 ./Core/Src/sys/syscalls.o
                0x08002bde                _exit
 .text._read    0x08002bf4       0x3a ./Core/Src/sys/syscalls.o
                0x08002bf4                _read
 .text._write   0x08002c2e       0x38 ./Core/Src/sys/syscalls.o
                0x08002c2e                _write
 .text._close   0x08002c66       0x16 ./Core/Src/sys/syscalls.o
                0x08002c66                _close
 .text._fstat   0x08002c7c       0x1e ./Core/Src/sys/syscalls.o
                0x08002c7c                _fstat
 .text._isatty  0x08002c9a       0x14 ./Core/Src/sys/syscalls.o
                0x08002c9a                _isatty
 .text._lseek   0x08002cae       0x18 ./Core/Src/sys/syscalls.o
                0x08002cae                _lseek
 *fill*         0x08002cc6        0x2 
 .text._sbrk    0x08002cc8       0x6c ./Core/Src/sys/sysmem.o
                0x08002cc8                _sbrk
 .text.SystemInit
                0x08002d34        0xc ./Core/Src/sys/system_stm32f1xx.o
                0x08002d34                SystemInit
 .text.Reset_Handler
                0x08002d40       0x48 ./Core/Startup/startup_stm32f103c8tx.o
                0x08002d40                Reset_Handler
 .text.Default_Handler
                0x08002d88        0x2 ./Core/Startup/startup_stm32f103c8tx.o
                0x08002d88                RTC_Alarm_IRQHandler
                0x08002d88                EXTI2_IRQHandler
                0x08002d88                TIM1_CC_IRQHandler
                0x08002d88                PVD_IRQHandler
                0x08002d88                EXTI3_IRQHandler
                0x08002d88                EXTI0_IRQHandler
                0x08002d88                I2C2_EV_IRQHandler
                0x08002d88                ADC1_2_IRQHandler
                0x08002d88                SPI1_IRQHandler
                0x08002d88                TAMPER_IRQHandler
                0x08002d88                DMA1_Channel4_IRQHandler
                0x08002d88                USART3_IRQHandler
                0x08002d88                RTC_IRQHandler
                0x08002d88                DMA1_Channel7_IRQHandler
                0x08002d88                CAN1_RX1_IRQHandler
                0x08002d88                TIM4_IRQHandler
                0x08002d88                I2C1_EV_IRQHandler
                0x08002d88                DMA1_Channel6_IRQHandler
                0x08002d88                TIM3_IRQHandler
                0x08002d88                RCC_IRQHandler
                0x08002d88                TIM1_TRG_COM_IRQHandler
                0x08002d88                DMA1_Channel1_IRQHandler
                0x08002d88                Default_Handler
                0x08002d88                EXTI15_10_IRQHandler
                0x08002d88                EXTI9_5_IRQHandler
                0x08002d88                SPI2_IRQHandler
                0x08002d88                DMA1_Channel5_IRQHandler
                0x08002d88                EXTI4_IRQHandler
                0x08002d88                USB_HP_CAN1_TX_IRQHandler
                0x08002d88                DMA1_Channel3_IRQHandler
                0x08002d88                TIM1_UP_IRQHandler
                0x08002d88                WWDG_IRQHandler
                0x08002d88                TIM1_BRK_IRQHandler
                0x08002d88                EXTI1_IRQHandler
                0x08002d88                USART2_IRQHandler
                0x08002d88                I2C2_ER_IRQHandler
                0x08002d88                CAN1_SCE_IRQHandler
                0x08002d88                FLASH_IRQHandler
                0x08002d88                USART1_IRQHandler
                0x08002d88                I2C1_ER_IRQHandler
                0x08002d88                USBWakeUp_IRQHandler
 *fill*         0x08002d8a        0x2 
 .text.HAL_Init
                0x08002d8c       0x2c ./Drivers/STM32F1xx_HAL_Driver/Src/stm32f1xx_hal.o
                0x08002d8c                HAL_Init
 .text.HAL_InitTick
                0x08002db8       0x60 ./Drivers/STM32F1xx_HAL_Driver/Src/stm32f1xx_hal.o
                0x08002db8                HAL_InitTick
 .text.HAL_IncTick
                0x08002e18       0x24 ./Drivers/STM32F1xx_HAL_Driver/Src/stm32f1xx_hal.o
                0x08002e18                HAL_IncTick
 .text.HAL_GetTick
                0x08002e3c       0x14 ./Drivers/STM32F1xx_HAL_Driver/Src/stm32f1xx_hal.o
                0x08002e3c                HAL_GetTick
 .text.HAL_Delay
                0x08002e50       0x48 ./Drivers/STM32F1xx_HAL_Driver/Src/stm32f1xx_hal.o
                0x08002e50                HAL_Delay
 .text.__NVIC_SetPriorityGrouping
                0x08002e98       0x48 ./Drivers/STM32F1xx_HAL_Driver/Src/stm32f1xx_hal_cortex.o
 .text.__NVIC_GetPriorityGrouping
                0x08002ee0       0x1c ./Drivers/STM32F1xx_HAL_Driver/Src/stm32f1xx_hal_cortex.o
 .text.__NVIC_EnableIRQ
                0x08002efc       0x38 ./Drivers/STM32F1xx_HAL_Driver/Src/stm32f1xx_hal_cortex.o
 .text.__NVIC_SetPriority
                0x08002f34       0x54 ./Drivers/STM32F1xx_HAL_Driver/Src/stm32f1xx_hal_cortex.o
 .text.NVIC_EncodePriority
                0x08002f88       0x64 ./Drivers/STM32F1xx_HAL_Driver/Src/stm32f1xx_hal_cortex.o
 .text.SysTick_Config
                0x08002fec       0x44 ./Drivers/STM32F1xx_HAL_Driver/Src/stm32f1xx_hal_cortex.o
 .text.HAL_NVIC_SetPriorityGrouping
                0x08003030       0x16 ./Drivers/STM32F1xx_HAL_Driver/Src/stm32f1xx_hal_cortex.o
                0x08003030                HAL_NVIC_SetPriorityGrouping
 .text.HAL_NVIC_SetPriority
                0x08003046       0x38 ./Drivers/STM32F1xx_HAL_Driver/Src/stm32f1xx_hal_cortex.o
                0x08003046                HAL_NVIC_SetPriority
 .text.HAL_NVIC_EnableIRQ
                0x0800307e       0x1c ./Drivers/STM32F1xx_HAL_Driver/Src/stm32f1xx_hal_cortex.o
                0x0800307e                HAL_NVIC_EnableIRQ
 .text.HAL_SYSTICK_Config
                0x0800309a       0x18 ./Drivers/STM32F1xx_HAL_Driver/Src/stm32f1xx_hal_cortex.o
                0x0800309a                HAL_SYSTICK_Config
 *fill*         0x080030b2        0x2 
 .text.HAL_DMA_Init
                0x080030b4       0xb4 ./Drivers/STM32F1xx_HAL_Driver/Src/stm32f1xx_hal_dma.o
                0x080030b4                HAL_DMA_Init
 .text.HAL_DMA_Start_IT
                0x08003168       0xc0 ./Drivers/STM32F1xx_HAL_Driver/Src/stm32f1xx_hal_dma.o
                0x08003168                HAL_DMA_Start_IT
 .text.HAL_DMA_Abort_IT
                0x08003228       0xf0 ./Drivers/STM32F1xx_HAL_Driver/Src/stm32f1xx_hal_dma.o
                0x08003228                HAL_DMA_Abort_IT
 .text.HAL_DMA_IRQHandler
                0x08003318      0x20c ./Drivers/STM32F1xx_HAL_Driver/Src/stm32f1xx_hal_dma.o
                0x08003318                HAL_DMA_IRQHandler
 .text.DMA_SetConfig
                0x08003524       0x5a ./Drivers/STM32F1xx_HAL_Driver/Src/stm32f1xx_hal_dma.o
 *fill*         0x0800357e        0x2 
 .text.HAL_GPIO_Init
                0x08003580      0x308 ./Drivers/STM32F1xx_HAL_Driver/Src/stm32f1xx_hal_gpio.o
                0x08003580                HAL_GPIO_Init
 .text.HAL_GPIO_ReadPin
                0x08003888       0x2e ./Drivers/STM32F1xx_HAL_Driver/Src/stm32f1xx_hal_gpio.o
                0x08003888                HAL_GPIO_ReadPin
 .text.HAL_GPIO_WritePin
                0x080038b6       0x30 ./Drivers/STM32F1xx_HAL_Driver/Src/stm32f1xx_hal_gpio.o
                0x080038b6                HAL_GPIO_WritePin
 .text.HAL_PCD_Init
                0x080038e6      0x1ec ./Drivers/STM32F1xx_HAL_Driver/Src/stm32f1xx_hal_pcd.o
                0x080038e6                HAL_PCD_Init
 .text.HAL_PCD_Start
                0x08003ad2       0x4c ./Drivers/STM32F1xx_HAL_Driver/Src/stm32f1xx_hal_pcd.o
                0x08003ad2                HAL_PCD_Start
 .text.HAL_PCD_IRQHandler
                0x08003b1e      0x260 ./Drivers/STM32F1xx_HAL_Driver/Src/stm32f1xx_hal_pcd.o
                0x08003b1e                HAL_PCD_IRQHandler
 .text.HAL_PCD_SetAddress
                0x08003d7e       0x48 ./Drivers/STM32F1xx_HAL_Driver/Src/stm32f1xx_hal_pcd.o
                0x08003d7e                HAL_PCD_SetAddress
 .text.HAL_PCD_EP_Open
                0x08003dc6       0xba ./Drivers/STM32F1xx_HAL_Driver/Src/stm32f1xx_hal_pcd.o
                0x08003dc6                HAL_PCD_EP_Open
 .text.HAL_PCD_EP_Close
                0x08003e80       0x90 ./Drivers/STM32F1xx_HAL_Driver/Src/stm32f1xx_hal_pcd.o
                0x08003e80                HAL_PCD_EP_Close
 .text.HAL_PCD_EP_Receive
                0x08003f10       0x62 ./Drivers/STM32F1xx_HAL_Driver/Src/stm32f1xx_hal_pcd.o
                0x08003f10                HAL_PCD_EP_Receive
 .text.HAL_PCD_EP_GetRxCount
                0x08003f72       0x2e ./Drivers/STM32F1xx_HAL_Driver/Src/stm32f1xx_hal_pcd.o
                0x08003f72                HAL_PCD_EP_GetRxCount
 .text.HAL_PCD_EP_Transmit
                0x08003fa0       0x6e ./Drivers/STM32F1xx_HAL_Driver/Src/stm32f1xx_hal_pcd.o
                0x08003fa0                HAL_PCD_EP_Transmit
 .text.HAL_PCD_EP_SetStall
                0x0800400e       0xc0 ./Drivers/STM32F1xx_HAL_Driver/Src/stm32f1xx_hal_pcd.o
                0x0800400e                HAL_PCD_EP_SetStall
 .text.HAL_PCD_EP_ClrStall
                0x080040ce       0xa8 ./Drivers/STM32F1xx_HAL_Driver/Src/stm32f1xx_hal_pcd.o
                0x080040ce                HAL_PCD_EP_ClrStall
 .text.PCD_EP_ISR_Handler
                0x08004176      0x79e ./Drivers/STM32F1xx_HAL_Driver/Src/stm32f1xx_hal_pcd.o
 .text.HAL_PCD_EP_DB_Receive
                0x08004914      0x21a ./Drivers/STM32F1xx_HAL_Driver/Src/stm32f1xx_hal_pcd.o
 .text.HAL_PCD_EP_DB_Transmit
                0x08004b2e      0x7f4 ./Drivers/STM32F1xx_HAL_Driver/Src/stm32f1xx_hal_pcd.o
 .text.HAL_PCDEx_PMAConfig
                0x08005322       0x84 ./Drivers/STM32F1xx_HAL_Driver/Src/stm32f1xx_hal_pcd_ex.o
                0x08005322                HAL_PCDEx_PMAConfig
 *fill*         0x080053a6        0x2 
 .text.HAL_RCC_OscConfig
                0x080053a8      0x504 ./Drivers/STM32F1xx_HAL_Driver/Src/stm32f1xx_hal_rcc.o
                0x080053a8                HAL_RCC_OscConfig
 .text.HAL_RCC_ClockConfig
                0x080058ac      0x1d4 ./Drivers/STM32F1xx_HAL_Driver/Src/stm32f1xx_hal_rcc.o
                0x080058ac                HAL_RCC_ClockConfig
 .text.HAL_RCC_GetSysClockFreq
                0x08005a80       0xa8 ./Drivers/STM32F1xx_HAL_Driver/Src/stm32f1xx_hal_rcc.o
                0x08005a80                HAL_RCC_GetSysClockFreq
 .text.RCC_Delay
                0x08005b28       0x3c ./Drivers/STM32F1xx_HAL_Driver/Src/stm32f1xx_hal_rcc.o
 .text.HAL_RCCEx_PeriphCLKConfig
                0x08005b64      0x16c ./Drivers/STM32F1xx_HAL_Driver/Src/stm32f1xx_hal_rcc_ex.o
                0x08005b64                HAL_RCCEx_PeriphCLKConfig
 .text.HAL_TIM_Base_Init
                0x08005cd0       0x9e ./Drivers/STM32F1xx_HAL_Driver/Src/stm32f1xx_hal_tim.o
                0x08005cd0                HAL_TIM_Base_Init
 *fill*         0x08005d6e        0x2 
 .text.HAL_TIM_Base_Start_IT
                0x08005d70       0xa4 ./Drivers/STM32F1xx_HAL_Driver/Src/stm32f1xx_hal_tim.o
                0x08005d70                HAL_TIM_Base_Start_IT
 .text.HAL_TIM_PWM_Init
                0x08005e14       0x9e ./Drivers/STM32F1xx_HAL_Driver/Src/stm32f1xx_hal_tim.o
                0x08005e14                HAL_TIM_PWM_Init
 .text.HAL_TIM_PWM_MspInit
                0x08005eb2       0x12 ./Drivers/STM32F1xx_HAL_Driver/Src/stm32f1xx_hal_tim.o
                0x08005eb2                HAL_TIM_PWM_MspInit
 .text.HAL_TIM_PWM_Start_DMA
                0x08005ec4      0x344 ./Drivers/STM32F1xx_HAL_Driver/Src/stm32f1xx_hal_tim.o
                0x08005ec4                HAL_TIM_PWM_Start_DMA
 .text.HAL_TIM_PWM_Stop_DMA
                0x08006208      0x18c ./Drivers/STM32F1xx_HAL_Driver/Src/stm32f1xx_hal_tim.o
                0x08006208                HAL_TIM_PWM_Stop_DMA
 .text.HAL_TIM_IC_Init
                0x08006394       0x9e ./Drivers/STM32F1xx_HAL_Driver/Src/stm32f1xx_hal_tim.o
                0x08006394                HAL_TIM_IC_Init
 .text.HAL_TIM_IC_MspInit
                0x08006432       0x12 ./Drivers/STM32F1xx_HAL_Driver/Src/stm32f1xx_hal_tim.o
                0x08006432                HAL_TIM_IC_MspInit
 .text.HAL_TIM_IC_Start_IT
                0x08006444      0x218 ./Drivers/STM32F1xx_HAL_Driver/Src/stm32f1xx_hal_tim.o
                0x08006444                HAL_TIM_IC_Start_IT
 .text.HAL_TIM_IRQHandler
                0x0800665c      0x1e0 ./Drivers/STM32F1xx_HAL_Driver/Src/stm32f1xx_hal_tim.o
                0x0800665c                HAL_TIM_IRQHandler
 .text.HAL_TIM_IC_ConfigChannel
                0x0800683c      0x138 ./Drivers/STM32F1xx_HAL_Driver/Src/stm32f1xx_hal_tim.o
                0x0800683c                HAL_TIM_IC_ConfigChannel
 .text.HAL_TIM_PWM_ConfigChannel
                0x08006974      0x184 ./Drivers/STM32F1xx_HAL_Driver/Src/stm32f1xx_hal_tim.o
                0x08006974                HAL_TIM_PWM_ConfigChannel
 .text.HAL_TIM_ConfigClockSource
                0x08006af8      0x18e ./Drivers/STM32F1xx_HAL_Driver/Src/stm32f1xx_hal_tim.o
                0x08006af8                HAL_TIM_ConfigClockSource
 .text.HAL_TIM_SlaveConfigSynchro
                0x08006c86       0x84 ./Drivers/STM32F1xx_HAL_Driver/Src/stm32f1xx_hal_tim.o
                0x08006c86                HAL_TIM_SlaveConfigSynchro
 *fill*         0x08006d0a        0x2 
 .text.HAL_TIM_ReadCapturedValue
                0x08006d0c       0x88 ./Drivers/STM32F1xx_HAL_Driver/Src/stm32f1xx_hal_tim.o
                0x08006d0c                HAL_TIM_ReadCapturedValue
 .text.HAL_TIM_OC_DelayElapsedCallback
                0x08006d94       0x12 ./Drivers/STM32F1xx_HAL_Driver/Src/stm32f1xx_hal_tim.o
                0x08006d94                HAL_TIM_OC_DelayElapsedCallback
 .text.HAL_TIM_PWM_PulseFinishedHalfCpltCallback
                0x08006da6       0x12 ./Drivers/STM32F1xx_HAL_Driver/Src/stm32f1xx_hal_tim.o
                0x08006da6                HAL_TIM_PWM_PulseFinishedHalfCpltCallback
 .text.HAL_TIM_TriggerCallback
                0x08006db8       0x12 ./Drivers/STM32F1xx_HAL_Driver/Src/stm32f1xx_hal_tim.o
                0x08006db8                HAL_TIM_TriggerCallback
 .text.HAL_TIM_ErrorCallback
                0x08006dca       0x12 ./Drivers/STM32F1xx_HAL_Driver/Src/stm32f1xx_hal_tim.o
                0x08006dca                HAL_TIM_ErrorCallback
 .text.TIM_DMAError
                0x08006ddc       0x92 ./Drivers/STM32F1xx_HAL_Driver/Src/stm32f1xx_hal_tim.o
                0x08006ddc                TIM_DMAError
 .text.TIM_DMADelayPulseCplt
                0x08006e6e       0xa8 ./Drivers/STM32F1xx_HAL_Driver/Src/stm32f1xx_hal_tim.o
 .text.TIM_DMADelayPulseHalfCplt
                0x08006f16       0x68 ./Drivers/STM32F1xx_HAL_Driver/Src/stm32f1xx_hal_tim.o
                0x08006f16                TIM_DMADelayPulseHalfCplt
 *fill*         0x08006f7e        0x2 
 .text.TIM_Base_SetConfig
                0x08006f80       0xdc ./Drivers/STM32F1xx_HAL_Driver/Src/stm32f1xx_hal_tim.o
                0x08006f80                TIM_Base_SetConfig
 .text.TIM_OC1_SetConfig
                0x0800705c       0xcc ./Drivers/STM32F1xx_HAL_Driver/Src/stm32f1xx_hal_tim.o
 .text.TIM_OC2_SetConfig
                0x08007128       0xd4 ./Drivers/STM32F1xx_HAL_Driver/Src/stm32f1xx_hal_tim.o
                0x08007128                TIM_OC2_SetConfig
 .text.TIM_OC3_SetConfig
                0x080071fc       0xd4 ./Drivers/STM32F1xx_HAL_Driver/Src/stm32f1xx_hal_tim.o
 .text.TIM_OC4_SetConfig
                0x080072d0       0x9c ./Drivers/STM32F1xx_HAL_Driver/Src/stm32f1xx_hal_tim.o
 .text.TIM_SlaveTimer_SetConfig
                0x0800736c      0x122 ./Drivers/STM32F1xx_HAL_Driver/Src/stm32f1xx_hal_tim.o
 *fill*         0x0800748e        0x2 
 .text.TIM_TI1_SetConfig
                0x08007490       0xb4 ./Drivers/STM32F1xx_HAL_Driver/Src/stm32f1xx_hal_tim.o
                0x08007490                TIM_TI1_SetConfig
 .text.TIM_TI1_ConfigInputStage
                0x08007544       0x5c ./Drivers/STM32F1xx_HAL_Driver/Src/stm32f1xx_hal_tim.o
 .text.TIM_TI2_SetConfig
                0x080075a0       0x78 ./Drivers/STM32F1xx_HAL_Driver/Src/stm32f1xx_hal_tim.o
 .text.TIM_TI2_ConfigInputStage
                0x08007618       0x5e ./Drivers/STM32F1xx_HAL_Driver/Src/stm32f1xx_hal_tim.o
 .text.TIM_TI3_SetConfig
                0x08007676       0x76 ./Drivers/STM32F1xx_HAL_Driver/Src/stm32f1xx_hal_tim.o
 .text.TIM_TI4_SetConfig
                0x080076ec       0x78 ./Drivers/STM32F1xx_HAL_Driver/Src/stm32f1xx_hal_tim.o
 .text.TIM_ITRx_SetConfig
                0x08007764       0x34 ./Drivers/STM32F1xx_HAL_Driver/Src/stm32f1xx_hal_tim.o
 .text.TIM_ETR_SetConfig
                0x08007798       0x3e ./Drivers/STM32F1xx_HAL_Driver/Src/stm32f1xx_hal_tim.o
                0x08007798                TIM_ETR_SetConfig
 .text.TIM_CCxChannelCmd
                0x080077d6       0x48 ./Drivers/STM32F1xx_HAL_Driver/Src/stm32f1xx_hal_tim.o
                0x080077d6                TIM_CCxChannelCmd
 *fill*         0x0800781e        0x2 
 .text.HAL_TIMEx_MasterConfigSynchronization
                0x08007820       0xbc ./Drivers/STM32F1xx_HAL_Driver/Src/stm32f1xx_hal_tim_ex.o
                0x08007820                HAL_TIMEx_MasterConfigSynchronization
 .text.HAL_TIMEx_ConfigBreakDeadTime
                0x080078dc       0xa2 ./Drivers/STM32F1xx_HAL_Driver/Src/stm32f1xx_hal_tim_ex.o
                0x080078dc                HAL_TIMEx_ConfigBreakDeadTime
 .text.HAL_TIMEx_CommutCallback
                0x0800797e       0x12 ./Drivers/STM32F1xx_HAL_Driver/Src/stm32f1xx_hal_tim_ex.o
                0x0800797e                HAL_TIMEx_CommutCallback
 .text.HAL_TIMEx_BreakCallback
                0x08007990       0x12 ./Drivers/STM32F1xx_HAL_Driver/Src/stm32f1xx_hal_tim_ex.o
                0x08007990                HAL_TIMEx_BreakCallback
 .text.USB_CoreInit
                0x080079a2       0x1a ./Drivers/STM32F1xx_HAL_Driver/Src/stm32f1xx_ll_usb.o
                0x080079a2                USB_CoreInit
 .text.USB_EnableGlobalInt
                0x080079bc       0x2c ./Drivers/STM32F1xx_HAL_Driver/Src/stm32f1xx_ll_usb.o
                0x080079bc                USB_EnableGlobalInt
 .text.USB_DisableGlobalInt
                0x080079e8       0x34 ./Drivers/STM32F1xx_HAL_Driver/Src/stm32f1xx_ll_usb.o
                0x080079e8                USB_DisableGlobalInt
 .text.USB_SetCurrentMode
                0x08007a1c       0x18 ./Drivers/STM32F1xx_HAL_Driver/Src/stm32f1xx_ll_usb.o
                0x08007a1c                USB_SetCurrentMode
 .text.USB_DevInit
                0x08007a34       0x3a ./Drivers/STM32F1xx_HAL_Driver/Src/stm32f1xx_ll_usb.o
                0x08007a34                USB_DevInit
 *fill*         0x08007a6e        0x2 
 .text.USB_ActivateEndpoint
                0x08007a70      0x780 ./Drivers/STM32F1xx_HAL_Driver/Src/stm32f1xx_ll_usb.o
                0x08007a70                USB_ActivateEndpoint
 .text.USB_DeactivateEndpoint
                0x080081f0      0x3d8 ./Drivers/STM32F1xx_HAL_Driver/Src/stm32f1xx_ll_usb.o
                0x080081f0                USB_DeactivateEndpoint
 .text.USB_EPStartXfer
                0x080085c8     0x1762 ./Drivers/STM32F1xx_HAL_Driver/Src/stm32f1xx_ll_usb.o
                0x080085c8                USB_EPStartXfer
 .text.USB_EPSetStall
                0x08009d2a       0xa0 ./Drivers/STM32F1xx_HAL_Driver/Src/stm32f1xx_ll_usb.o
                0x08009d2a                USB_EPSetStall
 .text.USB_EPClearStall
                0x08009dca      0x15a ./Drivers/STM32F1xx_HAL_Driver/Src/stm32f1xx_ll_usb.o
                0x08009dca                USB_EPClearStall
 .text.USB_SetDevAddress
                0x08009f24       0x26 ./Drivers/STM32F1xx_HAL_Driver/Src/stm32f1xx_ll_usb.o
                0x08009f24                USB_SetDevAddress
 .text.USB_DevConnect
                0x08009f4a       0x14 ./Drivers/STM32F1xx_HAL_Driver/Src/stm32f1xx_ll_usb.o
                0x08009f4a                USB_DevConnect
 .text.USB_DevDisconnect
                0x08009f5e       0x14 ./Drivers/STM32F1xx_HAL_Driver/Src/stm32f1xx_ll_usb.o
                0x08009f5e                USB_DevDisconnect
 .text.USB_ReadInterrupts
                0x08009f72       0x1e ./Drivers/STM32F1xx_HAL_Driver/Src/stm32f1xx_ll_usb.o
                0x08009f72                USB_ReadInterrupts
 .text.USB_EP0_OutStart
                0x08009f90       0x16 ./Drivers/STM32F1xx_HAL_Driver/Src/stm32f1xx_ll_usb.o
                0x08009f90                USB_EP0_OutStart
 .text.USB_WritePMA
                0x08009fa6       0x8c ./Drivers/STM32F1xx_HAL_Driver/Src/stm32f1xx_ll_usb.o
                0x08009fa6                USB_WritePMA
 .text.USB_ReadPMA
                0x0800a032       0x9e ./Drivers/STM32F1xx_HAL_Driver/Src/stm32f1xx_ll_usb.o
                0x0800a032                USB_ReadPMA
 .text.USBD_CDC_Init
                0x0800a0d0       0xf4 ./Middlewares/ST/STM32_USB_Device_Library/Class/CDC/Src/usbd_cdc.o
 .text.USBD_CDC_DeInit
                0x0800a1c4       0x6e ./Middlewares/ST/STM32_USB_Device_Library/Class/CDC/Src/usbd_cdc.o
 .text.USBD_CDC_Setup
                0x0800a232      0x146 ./Middlewares/ST/STM32_USB_Device_Library/Class/CDC/Src/usbd_cdc.o
 .text.USBD_CDC_DataIn
                0x0800a378       0xa6 ./Middlewares/ST/STM32_USB_Device_Library/Class/CDC/Src/usbd_cdc.o
 .text.USBD_CDC_DataOut
                0x0800a41e       0x56 ./Middlewares/ST/STM32_USB_Device_Library/Class/CDC/Src/usbd_cdc.o
 .text.USBD_CDC_EP0_RxReady
                0x0800a474       0x4e ./Middlewares/ST/STM32_USB_Device_Library/Class/CDC/Src/usbd_cdc.o
 *fill*         0x0800a4c2        0x2 
 .text.USBD_CDC_GetFSCfgDesc
                0x0800a4c4       0x20 ./Middlewares/ST/STM32_USB_Device_Library/Class/CDC/Src/usbd_cdc.o
 .text.USBD_CDC_GetHSCfgDesc
                0x0800a4e4       0x20 ./Middlewares/ST/STM32_USB_Device_Library/Class/CDC/Src/usbd_cdc.o
 .text.USBD_CDC_GetOtherSpeedCfgDesc
                0x0800a504       0x20 ./Middlewares/ST/STM32_USB_Device_Library/Class/CDC/Src/usbd_cdc.o
 .text.USBD_CDC_GetDeviceQualifierDescriptor
                0x0800a524       0x20 ./Middlewares/ST/STM32_USB_Device_Library/Class/CDC/Src/usbd_cdc.o
                0x0800a524                USBD_CDC_GetDeviceQualifierDescriptor
 .text.USBD_CDC_RegisterInterface
                0x0800a544       0x2c ./Middlewares/ST/STM32_USB_Device_Library/Class/CDC/Src/usbd_cdc.o
                0x0800a544                USBD_CDC_RegisterInterface
 .text.USBD_CDC_SetTxBuffer
                0x0800a570       0x32 ./Middlewares/ST/STM32_USB_Device_Library/Class/CDC/Src/usbd_cdc.o
                0x0800a570                USBD_CDC_SetTxBuffer
 .text.USBD_CDC_SetRxBuffer
                0x0800a5a2       0x26 ./Middlewares/ST/STM32_USB_Device_Library/Class/CDC/Src/usbd_cdc.o
                0x0800a5a2                USBD_CDC_SetRxBuffer
 .text.USBD_CDC_TransmitPacket
                0x0800a5c8       0x5e ./Middlewares/ST/STM32_USB_Device_Library/Class/CDC/Src/usbd_cdc.o
                0x0800a5c8                USBD_CDC_TransmitPacket
 .text.USBD_CDC_ReceivePacket
                0x0800a626       0x54 ./Middlewares/ST/STM32_USB_Device_Library/Class/CDC/Src/usbd_cdc.o
                0x0800a626                USBD_CDC_ReceivePacket
 .text.USBD_Init
                0x0800a67a       0x56 ./Middlewares/ST/STM32_USB_Device_Library/Core/Src/usbd_core.o
                0x0800a67a                USBD_Init
 .text.USBD_RegisterClass
                0x0800a6d0       0x32 ./Middlewares/ST/STM32_USB_Device_Library/Core/Src/usbd_core.o
                0x0800a6d0                USBD_RegisterClass
 .text.USBD_Start
                0x0800a702       0x18 ./Middlewares/ST/STM32_USB_Device_Library/Core/Src/usbd_core.o
                0x0800a702                USBD_Start
 .text.USBD_RunTestMode
                0x0800a71a       0x14 ./Middlewares/ST/STM32_USB_Device_Library/Core/Src/usbd_core.o
                0x0800a71a                USBD_RunTestMode
 .text.USBD_SetClassConfig
                0x0800a72e       0x3e ./Middlewares/ST/STM32_USB_Device_Library/Core/Src/usbd_core.o
                0x0800a72e                USBD_SetClassConfig
 .text.USBD_ClrClassConfig
                0x0800a76c       0x26 ./Middlewares/ST/STM32_USB_Device_Library/Core/Src/usbd_core.o
                0x0800a76c                USBD_ClrClassConfig
 .text.USBD_LL_SetupStage
                0x0800a792       0x9a ./Middlewares/ST/STM32_USB_Device_Library/Core/Src/usbd_core.o
                0x0800a792                USBD_LL_SetupStage
 .text.USBD_LL_DataOutStage
                0x0800a82c       0xe2 ./Middlewares/ST/STM32_USB_Device_Library/Core/Src/usbd_core.o
                0x0800a82c                USBD_LL_DataOutStage
 .text.USBD_LL_DataInStage
                0x0800a90e      0x14a ./Middlewares/ST/STM32_USB_Device_Library/Core/Src/usbd_core.o
                0x0800a90e                USBD_LL_DataInStage
 .text.USBD_LL_Reset
                0x0800aa58       0x82 ./Middlewares/ST/STM32_USB_Device_Library/Core/Src/usbd_core.o
                0x0800aa58                USBD_LL_Reset
 .text.USBD_LL_SetSpeed
                0x0800aada       0x1e ./Middlewares/ST/STM32_USB_Device_Library/Core/Src/usbd_core.o
                0x0800aada                USBD_LL_SetSpeed
 .text.USBD_LL_Suspend
                0x0800aaf8       0x28 ./Middlewares/ST/STM32_USB_Device_Library/Core/Src/usbd_core.o
                0x0800aaf8                USBD_LL_Suspend
 .text.USBD_LL_Resume
                0x0800ab20       0x2a ./Middlewares/ST/STM32_USB_Device_Library/Core/Src/usbd_core.o
                0x0800ab20                USBD_LL_Resume
 .text.USBD_LL_SOF
                0x0800ab4a       0x34 ./Middlewares/ST/STM32_USB_Device_Library/Core/Src/usbd_core.o
                0x0800ab4a                USBD_LL_SOF
 *fill*         0x0800ab7e        0x2 
 .text.USBD_StdDevReq
                0x0800ab80       0xd4 ./Middlewares/ST/STM32_USB_Device_Library/Core/Src/usbd_ctlreq.o
                0x0800ab80                USBD_StdDevReq
 .text.USBD_StdItfReq
                0x0800ac54       0x90 ./Middlewares/ST/STM32_USB_Device_Library/Core/Src/usbd_ctlreq.o
                0x0800ac54                USBD_StdItfReq
 .text.USBD_StdEPReq
                0x0800ace4      0x2c6 ./Middlewares/ST/STM32_USB_Device_Library/Core/Src/usbd_ctlreq.o
                0x0800ace4                USBD_StdEPReq
 *fill*         0x0800afaa        0x2 
 .text.USBD_GetDescriptor
                0x0800afac      0x2d0 ./Middlewares/ST/STM32_USB_Device_Library/Core/Src/usbd_ctlreq.o
 .text.USBD_SetAddress
                0x0800b27c       0x86 ./Middlewares/ST/STM32_USB_Device_Library/Core/Src/usbd_ctlreq.o
 *fill*         0x0800b302        0x2 
 .text.USBD_SetConfig
                0x0800b304      0x11c ./Middlewares/ST/STM32_USB_Device_Library/Core/Src/usbd_ctlreq.o
 .text.USBD_GetConfig
                0x0800b420       0x6a ./Middlewares/ST/STM32_USB_Device_Library/Core/Src/usbd_ctlreq.o
 .text.USBD_GetStatus
                0x0800b48a       0x66 ./Middlewares/ST/STM32_USB_Device_Library/Core/Src/usbd_ctlreq.o
 .text.USBD_SetFeature
                0x0800b4f0       0x28 ./Middlewares/ST/STM32_USB_Device_Library/Core/Src/usbd_ctlreq.o
 .text.USBD_ClrFeature
                0x0800b518       0x42 ./Middlewares/ST/STM32_USB_Device_Library/Core/Src/usbd_ctlreq.o
 .text.USBD_ParseSetupRequest
                0x0800b55a       0x72 ./Middlewares/ST/STM32_USB_Device_Library/Core/Src/usbd_ctlreq.o
                0x0800b55a                USBD_ParseSetupRequest
 .text.USBD_CtlError
                0x0800b5cc       0x22 ./Middlewares/ST/STM32_USB_Device_Library/Core/Src/usbd_ctlreq.o
                0x0800b5cc                USBD_CtlError
 .text.USBD_GetString
                0x0800b5ee       0x84 ./Middlewares/ST/STM32_USB_Device_Library/Core/Src/usbd_ctlreq.o
                0x0800b5ee                USBD_GetString
 .text.USBD_GetLen
                0x0800b672       0x2e ./Middlewares/ST/STM32_USB_Device_Library/Core/Src/usbd_ctlreq.o
 .text.USBD_CtlSendData
                0x0800b6a0       0x38 ./Middlewares/ST/STM32_USB_Device_Library/Core/Src/usbd_ioreq.o
                0x0800b6a0                USBD_CtlSendData
 .text.USBD_CtlContinueSendData
                0x0800b6d8       0x24 ./Middlewares/ST/STM32_USB_Device_Library/Core/Src/usbd_ioreq.o
                0x0800b6d8                USBD_CtlContinueSendData
 .text.USBD_CtlPrepareRx
                0x0800b6fc       0x3c ./Middlewares/ST/STM32_USB_Device_Library/Core/Src/usbd_ioreq.o
                0x0800b6fc                USBD_CtlPrepareRx
 .text.USBD_CtlContinueRx
                0x0800b738       0x24 ./Middlewares/ST/STM32_USB_Device_Library/Core/Src/usbd_ioreq.o
                0x0800b738                USBD_CtlContinueRx
 .text.USBD_CtlSendStatus
                0x0800b75c       0x26 ./Middlewares/ST/STM32_USB_Device_Library/Core/Src/usbd_ioreq.o
                0x0800b75c                USBD_CtlSendStatus
 .text.USBD_CtlReceiveStatus
                0x0800b782       0x26 ./Middlewares/ST/STM32_USB_Device_Library/Core/Src/usbd_ioreq.o
                0x0800b782                USBD_CtlReceiveStatus
 .text.MX_USB_DEVICE_Init
                0x0800b7a8       0x60 ./USB_DEVICE/App/usb_device.o
                0x0800b7a8                MX_USB_DEVICE_Init
 .text.CDC_Init_FS
                0x0800b808       0x28 ./USB_DEVICE/App/usbd_cdc_if.o
 .text.CDC_DeInit_FS
                0x0800b830        0xe ./USB_DEVICE/App/usbd_cdc_if.o
 *fill*         0x0800b83e        0x2 
 .text.CDC_Control_FS
                0x0800b840       0xbc ./USB_DEVICE/App/usbd_cdc_if.o
 .text.CDC_Receive_FS
                0x0800b8fc       0x50 ./USB_DEVICE/App/usbd_cdc_if.o
 .text.CDC_Transmit_FS
                0x0800b94c       0x4c ./USB_DEVICE/App/usbd_cdc_if.o
                0x0800b94c                CDC_Transmit_FS
 .text.USBD_FS_DeviceDescriptor
                0x0800b998       0x24 ./USB_DEVICE/App/usbd_desc.o
                0x0800b998                USBD_FS_DeviceDescriptor
 .text.USBD_FS_LangIDStrDescriptor
                0x0800b9bc       0x24 ./USB_DEVICE/App/usbd_desc.o
                0x0800b9bc                USBD_FS_LangIDStrDescriptor
 .text.USBD_FS_ProductStrDescriptor
                0x0800b9e0       0x3c ./USB_DEVICE/App/usbd_desc.o
                0x0800b9e0                USBD_FS_ProductStrDescriptor
 .text.USBD_FS_ManufacturerStrDescriptor
                0x0800ba1c       0x28 ./USB_DEVICE/App/usbd_desc.o
                0x0800ba1c                USBD_FS_ManufacturerStrDescriptor
 .text.USBD_FS_SerialStrDescriptor
                0x0800ba44       0x24 ./USB_DEVICE/App/usbd_desc.o
                0x0800ba44                USBD_FS_SerialStrDescriptor
 .text.USBD_FS_ConfigStrDescriptor
                0x0800ba68       0x3c ./USB_DEVICE/App/usbd_desc.o
                0x0800ba68                USBD_FS_ConfigStrDescriptor
 .text.USBD_FS_InterfaceStrDescriptor
                0x0800baa4       0x3c ./USB_DEVICE/App/usbd_desc.o
                0x0800baa4                USBD_FS_InterfaceStrDescriptor
 .text.Get_SerialNum
                0x0800bae0       0x58 ./USB_DEVICE/App/usbd_desc.o
 .text.IntToUnicode
                0x0800bb38       0x7c ./USB_DEVICE/App/usbd_desc.o
 .text.HAL_PCD_MspInit
                0x0800bbb4       0x4c ./USB_DEVICE/Target/usbd_conf.o
                0x0800bbb4                HAL_PCD_MspInit
 .text.HAL_PCD_SetupStageCallback
                0x0800bc00       0x24 ./USB_DEVICE/Target/usbd_conf.o
                0x0800bc00                HAL_PCD_SetupStageCallback
 .text.HAL_PCD_DataOutStageCallback
                0x0800bc24       0x36 ./USB_DEVICE/Target/usbd_conf.o
                0x0800bc24                HAL_PCD_DataOutStageCallback
 .text.HAL_PCD_DataInStageCallback
                0x0800bc5a       0x34 ./USB_DEVICE/Target/usbd_conf.o
                0x0800bc5a                HAL_PCD_DataInStageCallback
 .text.HAL_PCD_SOFCallback
                0x0800bc8e       0x1c ./USB_DEVICE/Target/usbd_conf.o
                0x0800bc8e                HAL_PCD_SOFCallback
 .text.HAL_PCD_ResetCallback
                0x0800bcaa       0x3c ./USB_DEVICE/Target/usbd_conf.o
                0x0800bcaa                HAL_PCD_ResetCallback
 *fill*         0x0800bce6        0x2 
 .text.HAL_PCD_SuspendCallback
                0x0800bce8       0x34 ./USB_DEVICE/Target/usbd_conf.o
                0x0800bce8                HAL_PCD_SuspendCallback
 .text.HAL_PCD_ResumeCallback
                0x0800bd1c       0x1c ./USB_DEVICE/Target/usbd_conf.o
                0x0800bd1c                HAL_PCD_ResumeCallback
 .text.USBD_LL_Init
                0x0800bd38       0xb4 ./USB_DEVICE/Target/usbd_conf.o
                0x0800bd38                USBD_LL_Init
 .text.USBD_LL_Start
                0x0800bdec       0x36 ./USB_DEVICE/Target/usbd_conf.o
                0x0800bdec                USBD_LL_Start
 .text.USBD_LL_OpenEP
                0x0800be22       0x4c ./USB_DEVICE/Target/usbd_conf.o
                0x0800be22                USBD_LL_OpenEP
 .text.USBD_LL_CloseEP
                0x0800be6e       0x3e ./USB_DEVICE/Target/usbd_conf.o
                0x0800be6e                USBD_LL_CloseEP
 .text.USBD_LL_StallEP
                0x0800beac       0x3e ./USB_DEVICE/Target/usbd_conf.o
                0x0800beac                USBD_LL_StallEP
 .text.USBD_LL_ClearStallEP
                0x0800beea       0x3e ./USB_DEVICE/Target/usbd_conf.o
                0x0800beea                USBD_LL_ClearStallEP
 .text.USBD_LL_IsStallEP
                0x0800bf28       0x56 ./USB_DEVICE/Target/usbd_conf.o
                0x0800bf28                USBD_LL_IsStallEP
 .text.USBD_LL_SetUSBAddress
                0x0800bf7e       0x3e ./USB_DEVICE/Target/usbd_conf.o
                0x0800bf7e                USBD_LL_SetUSBAddress
 .text.USBD_LL_Transmit
                0x0800bfbc       0x46 ./USB_DEVICE/Target/usbd_conf.o
                0x0800bfbc                USBD_LL_Transmit
 .text.USBD_LL_PrepareReceive
                0x0800c002       0x46 ./USB_DEVICE/Target/usbd_conf.o
                0x0800c002                USBD_LL_PrepareReceive
 .text.USBD_LL_GetRxDataSize
                0x0800c048       0x26 ./USB_DEVICE/Target/usbd_conf.o
                0x0800c048                USBD_LL_GetRxDataSize
 *fill*         0x0800c06e        0x2 
 .text.USBD_static_malloc
                0x0800c070       0x18 ./USB_DEVICE/Target/usbd_conf.o
                0x0800c070                USBD_static_malloc
 .text.USBD_static_free
                0x0800c088       0x12 ./USB_DEVICE/Target/usbd_conf.o
                0x0800c088                USBD_static_free
 .text.HAL_PCDEx_SetConnectionState
                0x0800c09a       0x16 ./USB_DEVICE/Target/usbd_conf.o
                0x0800c09a                HAL_PCDEx_SetConnectionState
 .text.USBD_Get_USB_Status
                0x0800c0b0       0x58 ./USB_DEVICE/Target/usbd_conf.o
 .text.atoi     0x0800c108        0x8 C:/ST/STM32CubeIDE_1.18.1/STM32CubeIDE/plugins/com.st.stm32cube.ide.mcu.externaltools.gnu-tools-for-stm32.13.3.rel1.win32_1.0.0.202411081344/tools/bin/../lib/gcc/arm-none-eabi/13.3.1/../../../../arm-none-eabi/lib/thumb/v7-m/nofp\libc_nano.a(libc_a-atoi.o)
                0x0800c108                atoi
 .text._strtol_l.isra.0
                0x0800c110       0xf4 C:/ST/STM32CubeIDE_1.18.1/STM32CubeIDE/plugins/com.st.stm32cube.ide.mcu.externaltools.gnu-tools-for-stm32.13.3.rel1.win32_1.0.0.202411081344/tools/bin/../lib/gcc/arm-none-eabi/13.3.1/../../../../arm-none-eabi/lib/thumb/v7-m/nofp\libc_nano.a(libc_a-strtol.o)
 .text.strtol   0x0800c204       0x14 C:/ST/STM32CubeIDE_1.18.1/STM32CubeIDE/plugins/com.st.stm32cube.ide.mcu.externaltools.gnu-tools-for-stm32.13.3.rel1.win32_1.0.0.202411081344/tools/bin/../lib/gcc/arm-none-eabi/13.3.1/../../../../arm-none-eabi/lib/thumb/v7-m/nofp\libc_nano.a(libc_a-strtol.o)
                0x0800c204                strtol
 .text.swapfunc
                0x0800c218       0x32 C:/ST/STM32CubeIDE_1.18.1/STM32CubeIDE/plugins/com.st.stm32cube.ide.mcu.externaltools.gnu-tools-for-stm32.13.3.rel1.win32_1.0.0.202411081344/tools/bin/../lib/gcc/arm-none-eabi/13.3.1/../../../../arm-none-eabi/lib/thumb/v7-m/nofp\libc_nano.a(libc_a-qsort.o)
 .text.med3.constprop.0
                0x0800c24a       0x40 C:/ST/STM32CubeIDE_1.18.1/STM32CubeIDE/plugins/com.st.stm32cube.ide.mcu.externaltools.gnu-tools-for-stm32.13.3.rel1.win32_1.0.0.202411081344/tools/bin/../lib/gcc/arm-none-eabi/13.3.1/../../../../arm-none-eabi/lib/thumb/v7-m/nofp\libc_nano.a(libc_a-qsort.o)
 .text.qsort    0x0800c28a      0x294 C:/ST/STM32CubeIDE_1.18.1/STM32CubeIDE/plugins/com.st.stm32cube.ide.mcu.externaltools.gnu-tools-for-stm32.13.3.rel1.win32_1.0.0.202411081344/tools/bin/../lib/gcc/arm-none-eabi/13.3.1/../../../../arm-none-eabi/lib/thumb/v7-m/nofp\libc_nano.a(libc_a-qsort.o)
                0x0800c28a                qsort
 *fill*         0x0800c51e        0x2 
 .text.std      0x0800c520       0x6c C:/ST/STM32CubeIDE_1.18.1/STM32CubeIDE/plugins/com.st.stm32cube.ide.mcu.externaltools.gnu-tools-for-stm32.13.3.rel1.win32_1.0.0.202411081344/tools/bin/../lib/gcc/arm-none-eabi/13.3.1/../../../../arm-none-eabi/lib/thumb/v7-m/nofp\libc_nano.a(libc_a-findfp.o)
 .text.stdio_exit_handler
                0x0800c58c       0x18 C:/ST/STM32CubeIDE_1.18.1/STM32CubeIDE/plugins/com.st.stm32cube.ide.mcu.externaltools.gnu-tools-for-stm32.13.3.rel1.win32_1.0.0.202411081344/tools/bin/../lib/gcc/arm-none-eabi/13.3.1/../../../../arm-none-eabi/lib/thumb/v7-m/nofp\libc_nano.a(libc_a-findfp.o)
 .text.cleanup_stdio
                0x0800c5a4       0x40 C:/ST/STM32CubeIDE_1.18.1/STM32CubeIDE/plugins/com.st.stm32cube.ide.mcu.externaltools.gnu-tools-for-stm32.13.3.rel1.win32_1.0.0.202411081344/tools/bin/../lib/gcc/arm-none-eabi/13.3.1/../../../../arm-none-eabi/lib/thumb/v7-m/nofp\libc_nano.a(libc_a-findfp.o)
 .text.global_stdio_init.part.0
                0x0800c5e4       0x3c C:/ST/STM32CubeIDE_1.18.1/STM32CubeIDE/plugins/com.st.stm32cube.ide.mcu.externaltools.gnu-tools-for-stm32.13.3.rel1.win32_1.0.0.202411081344/tools/bin/../lib/gcc/arm-none-eabi/13.3.1/../../../../arm-none-eabi/lib/thumb/v7-m/nofp\libc_nano.a(libc_a-findfp.o)
 .text.__sfp_lock_acquire
                0x0800c620        0xc C:/ST/STM32CubeIDE_1.18.1/STM32CubeIDE/plugins/com.st.stm32cube.ide.mcu.externaltools.gnu-tools-for-stm32.13.3.rel1.win32_1.0.0.202411081344/tools/bin/../lib/gcc/arm-none-eabi/13.3.1/../../../../arm-none-eabi/lib/thumb/v7-m/nofp\libc_nano.a(libc_a-findfp.o)
                0x0800c620                __sfp_lock_acquire
 .text.__sfp_lock_release
                0x0800c62c        0xc C:/ST/STM32CubeIDE_1.18.1/STM32CubeIDE/plugins/com.st.stm32cube.ide.mcu.externaltools.gnu-tools-for-stm32.13.3.rel1.win32_1.0.0.202411081344/tools/bin/../lib/gcc/arm-none-eabi/13.3.1/../../../../arm-none-eabi/lib/thumb/v7-m/nofp\libc_nano.a(libc_a-findfp.o)
                0x0800c62c                __sfp_lock_release
 .text.__sinit  0x0800c638       0x30 C:/ST/STM32CubeIDE_1.18.1/STM32CubeIDE/plugins/com.st.stm32cube.ide.mcu.externaltools.gnu-tools-for-stm32.13.3.rel1.win32_1.0.0.202411081344/tools/bin/../lib/gcc/arm-none-eabi/13.3.1/../../../../arm-none-eabi/lib/thumb/v7-m/nofp\libc_nano.a(libc_a-findfp.o)
                0x0800c638                __sinit
 .text._fwalk_sglue
                0x0800c668       0x3c C:/ST/STM32CubeIDE_1.18.1/STM32CubeIDE/plugins/com.st.stm32cube.ide.mcu.externaltools.gnu-tools-for-stm32.13.3.rel1.win32_1.0.0.202411081344/tools/bin/../lib/gcc/arm-none-eabi/13.3.1/../../../../arm-none-eabi/lib/thumb/v7-m/nofp\libc_nano.a(libc_a-fwalk.o)
                0x0800c668                _fwalk_sglue
 .text.sprintf  0x0800c6a4       0x44 C:/ST/STM32CubeIDE_1.18.1/STM32CubeIDE/plugins/com.st.stm32cube.ide.mcu.externaltools.gnu-tools-for-stm32.13.3.rel1.win32_1.0.0.202411081344/tools/bin/../lib/gcc/arm-none-eabi/13.3.1/../../../../arm-none-eabi/lib/thumb/v7-m/nofp\libc_nano.a(libc_a-sprintf.o)
                0x0800c6a4                siprintf
                0x0800c6a4                sprintf
 .text.__sread  0x0800c6e8       0x22 C:/ST/STM32CubeIDE_1.18.1/STM32CubeIDE/plugins/com.st.stm32cube.ide.mcu.externaltools.gnu-tools-for-stm32.13.3.rel1.win32_1.0.0.202411081344/tools/bin/../lib/gcc/arm-none-eabi/13.3.1/../../../../arm-none-eabi/lib/thumb/v7-m/nofp\libc_nano.a(libc_a-stdio.o)
                0x0800c6e8                __sread
 .text.__swrite
                0x0800c70a       0x38 C:/ST/STM32CubeIDE_1.18.1/STM32CubeIDE/plugins/com.st.stm32cube.ide.mcu.externaltools.gnu-tools-for-stm32.13.3.rel1.win32_1.0.0.202411081344/tools/bin/../lib/gcc/arm-none-eabi/13.3.1/../../../../arm-none-eabi/lib/thumb/v7-m/nofp\libc_nano.a(libc_a-stdio.o)
                0x0800c70a                __swrite
 .text.__sseek  0x0800c742       0x24 C:/ST/STM32CubeIDE_1.18.1/STM32CubeIDE/plugins/com.st.stm32cube.ide.mcu.externaltools.gnu-tools-for-stm32.13.3.rel1.win32_1.0.0.202411081344/tools/bin/../lib/gcc/arm-none-eabi/13.3.1/../../../../arm-none-eabi/lib/thumb/v7-m/nofp\libc_nano.a(libc_a-stdio.o)
                0x0800c742                __sseek
 .text.__sclose
                0x0800c766        0x8 C:/ST/STM32CubeIDE_1.18.1/STM32CubeIDE/plugins/com.st.stm32cube.ide.mcu.externaltools.gnu-tools-for-stm32.13.3.rel1.win32_1.0.0.202411081344/tools/bin/../lib/gcc/arm-none-eabi/13.3.1/../../../../arm-none-eabi/lib/thumb/v7-m/nofp\libc_nano.a(libc_a-stdio.o)
                0x0800c766                __sclose
 .text.memmove  0x0800c76e       0x34 C:/ST/STM32CubeIDE_1.18.1/STM32CubeIDE/plugins/com.st.stm32cube.ide.mcu.externaltools.gnu-tools-for-stm32.13.3.rel1.win32_1.0.0.202411081344/tools/bin/../lib/gcc/arm-none-eabi/13.3.1/../../../../arm-none-eabi/lib/thumb/v7-m/nofp\libc_nano.a(libc_a-memmove.o)
                0x0800c76e                memmove
 .text.memset   0x0800c7a2       0x10 C:/ST/STM32CubeIDE_1.18.1/STM32CubeIDE/plugins/com.st.stm32cube.ide.mcu.externaltools.gnu-tools-for-stm32.13.3.rel1.win32_1.0.0.202411081344/tools/bin/../lib/gcc/arm-none-eabi/13.3.1/../../../../arm-none-eabi/lib/thumb/v7-m/nofp\libc_nano.a(libc_a-memset.o)
                0x0800c7a2                memset
 *fill*         0x0800c7b2        0x2 
 .text.strtok   0x0800c7b4       0x68 C:/ST/STM32CubeIDE_1.18.1/STM32CubeIDE/plugins/com.st.stm32cube.ide.mcu.externaltools.gnu-tools-for-stm32.13.3.rel1.win32_1.0.0.202411081344/tools/bin/../lib/gcc/arm-none-eabi/13.3.1/../../../../arm-none-eabi/lib/thumb/v7-m/nofp\libc_nano.a(libc_a-strtok.o)
                0x0800c7b4                strtok
 .text.__strtok_r
                0x0800c81c       0x50 C:/ST/STM32CubeIDE_1.18.1/STM32CubeIDE/plugins/com.st.stm32cube.ide.mcu.externaltools.gnu-tools-for-stm32.13.3.rel1.win32_1.0.0.202411081344/tools/bin/../lib/gcc/arm-none-eabi/13.3.1/../../../../arm-none-eabi/lib/thumb/v7-m/nofp\libc_nano.a(libc_a-strtok_r.o)
                0x0800c81c                __strtok_r
 .text._close_r
                0x0800c86c       0x20 C:/ST/STM32CubeIDE_1.18.1/STM32CubeIDE/plugins/com.st.stm32cube.ide.mcu.externaltools.gnu-tools-for-stm32.13.3.rel1.win32_1.0.0.202411081344/tools/bin/../lib/gcc/arm-none-eabi/13.3.1/../../../../arm-none-eabi/lib/thumb/v7-m/nofp\libc_nano.a(libc_a-closer.o)
                0x0800c86c                _close_r
 .text._lseek_r
                0x0800c88c       0x24 C:/ST/STM32CubeIDE_1.18.1/STM32CubeIDE/plugins/com.st.stm32cube.ide.mcu.externaltools.gnu-tools-for-stm32.13.3.rel1.win32_1.0.0.202411081344/tools/bin/../lib/gcc/arm-none-eabi/13.3.1/../../../../arm-none-eabi/lib/thumb/v7-m/nofp\libc_nano.a(libc_a-lseekr.o)
                0x0800c88c                _lseek_r
 .text._read_r  0x0800c8b0       0x24 C:/ST/STM32CubeIDE_1.18.1/STM32CubeIDE/plugins/com.st.stm32cube.ide.mcu.externaltools.gnu-tools-for-stm32.13.3.rel1.win32_1.0.0.202411081344/tools/bin/../lib/gcc/arm-none-eabi/13.3.1/../../../../arm-none-eabi/lib/thumb/v7-m/nofp\libc_nano.a(libc_a-readr.o)
                0x0800c8b0                _read_r
 .text._write_r
                0x0800c8d4       0x24 C:/ST/STM32CubeIDE_1.18.1/STM32CubeIDE/plugins/com.st.stm32cube.ide.mcu.externaltools.gnu-tools-for-stm32.13.3.rel1.win32_1.0.0.202411081344/tools/bin/../lib/gcc/arm-none-eabi/13.3.1/../../../../arm-none-eabi/lib/thumb/v7-m/nofp\libc_nano.a(libc_a-writer.o)
                0x0800c8d4                _write_r
 .text.__errno  0x0800c8f8        0xc C:/ST/STM32CubeIDE_1.18.1/STM32CubeIDE/plugins/com.st.stm32cube.ide.mcu.externaltools.gnu-tools-for-stm32.13.3.rel1.win32_1.0.0.202411081344/tools/bin/../lib/gcc/arm-none-eabi/13.3.1/../../../../arm-none-eabi/lib/thumb/v7-m/nofp\libc_nano.a(libc_a-errno.o)
                0x0800c8f8                __errno
 .text.__libc_init_array
                0x0800c904       0x48 C:/ST/STM32CubeIDE_1.18.1/STM32CubeIDE/plugins/com.st.stm32cube.ide.mcu.externaltools.gnu-tools-for-stm32.13.3.rel1.win32_1.0.0.202411081344/tools/bin/../lib/gcc/arm-none-eabi/13.3.1/../../../../arm-none-eabi/lib/thumb/v7-m/nofp\libc_nano.a(libc_a-init.o)
                0x0800c904                __libc_init_array
 .text.__retarget_lock_init_recursive
                0x0800c94c        0x2 C:/ST/STM32CubeIDE_1.18.1/STM32CubeIDE/plugins/com.st.stm32cube.ide.mcu.externaltools.gnu-tools-for-stm32.13.3.rel1.win32_1.0.0.202411081344/tools/bin/../lib/gcc/arm-none-eabi/13.3.1/../../../../arm-none-eabi/lib/thumb/v7-m/nofp\libc_nano.a(libc_a-lock.o)
                0x0800c94c                __retarget_lock_init_recursive
 .text.__retarget_lock_acquire_recursive
                0x0800c94e        0x2 C:/ST/STM32CubeIDE_1.18.1/STM32CubeIDE/plugins/com.st.stm32cube.ide.mcu.externaltools.gnu-tools-for-stm32.13.3.rel1.win32_1.0.0.202411081344/tools/bin/../lib/gcc/arm-none-eabi/13.3.1/../../../../arm-none-eabi/lib/thumb/v7-m/nofp\libc_nano.a(libc_a-lock.o)
                0x0800c94e                __retarget_lock_acquire_recursive
 .text.__retarget_lock_release_recursive
                0x0800c950        0x2 C:/ST/STM32CubeIDE_1.18.1/STM32CubeIDE/plugins/com.st.stm32cube.ide.mcu.externaltools.gnu-tools-for-stm32.13.3.rel1.win32_1.0.0.202411081344/tools/bin/../lib/gcc/arm-none-eabi/13.3.1/../../../../arm-none-eabi/lib/thumb/v7-m/nofp\libc_nano.a(libc_a-lock.o)
                0x0800c950                __retarget_lock_release_recursive
 .text.memcpy   0x0800c952       0x1c C:/ST/STM32CubeIDE_1.18.1/STM32CubeIDE/plugins/com.st.stm32cube.ide.mcu.externaltools.gnu-tools-for-stm32.13.3.rel1.win32_1.0.0.202411081344/tools/bin/../lib/gcc/arm-none-eabi/13.3.1/../../../../arm-none-eabi/lib/thumb/v7-m/nofp\libc_nano.a(libc_a-memcpy-stub.o)
                0x0800c952                memcpy
 *fill*         0x0800c96e        0x2 
 .text.__assert_func
                0x0800c970       0x3c C:/ST/STM32CubeIDE_1.18.1/STM32CubeIDE/plugins/com.st.stm32cube.ide.mcu.externaltools.gnu-tools-for-stm32.13.3.rel1.win32_1.0.0.202411081344/tools/bin/../lib/gcc/arm-none-eabi/13.3.1/../../../../arm-none-eabi/lib/thumb/v7-m/nofp\libc_nano.a(libc_a-assert.o)
                0x0800c970                __assert_func
 .text._free_r  0x0800c9ac       0x90 C:/ST/STM32CubeIDE_1.18.1/STM32CubeIDE/plugins/com.st.stm32cube.ide.mcu.externaltools.gnu-tools-for-stm32.13.3.rel1.win32_1.0.0.202411081344/tools/bin/../lib/gcc/arm-none-eabi/13.3.1/../../../../arm-none-eabi/lib/thumb/v7-m/nofp\libc_nano.a(libc_a-freer.o)
                0x0800c9ac                _free_r
 .text.malloc   0x0800ca3c       0x10 C:/ST/STM32CubeIDE_1.18.1/STM32CubeIDE/plugins/com.st.stm32cube.ide.mcu.externaltools.gnu-tools-for-stm32.13.3.rel1.win32_1.0.0.202411081344/tools/bin/../lib/gcc/arm-none-eabi/13.3.1/../../../../arm-none-eabi/lib/thumb/v7-m/nofp\libc_nano.a(libc_a-malloc.o)
                0x0800ca3c                malloc
 .text.sbrk_aligned
                0x0800ca4c       0x44 C:/ST/STM32CubeIDE_1.18.1/STM32CubeIDE/plugins/com.st.stm32cube.ide.mcu.externaltools.gnu-tools-for-stm32.13.3.rel1.win32_1.0.0.202411081344/tools/bin/../lib/gcc/arm-none-eabi/13.3.1/../../../../arm-none-eabi/lib/thumb/v7-m/nofp\libc_nano.a(libc_a-mallocr.o)
 .text._malloc_r
                0x0800ca90      0x100 C:/ST/STM32CubeIDE_1.18.1/STM32CubeIDE/plugins/com.st.stm32cube.ide.mcu.externaltools.gnu-tools-for-stm32.13.3.rel1.win32_1.0.0.202411081344/tools/bin/../lib/gcc/arm-none-eabi/13.3.1/../../../../arm-none-eabi/lib/thumb/v7-m/nofp\libc_nano.a(libc_a-mallocr.o)
                0x0800ca90                _malloc_r
 .text.__malloc_lock
                0x0800cb90        0xc C:/ST/STM32CubeIDE_1.18.1/STM32CubeIDE/plugins/com.st.stm32cube.ide.mcu.externaltools.gnu-tools-for-stm32.13.3.rel1.win32_1.0.0.202411081344/tools/bin/../lib/gcc/arm-none-eabi/13.3.1/../../../../arm-none-eabi/lib/thumb/v7-m/nofp\libc_nano.a(libc_a-mlock.o)
                0x0800cb90                __malloc_lock
 .text.__malloc_unlock
                0x0800cb9c        0xc C:/ST/STM32CubeIDE_1.18.1/STM32CubeIDE/plugins/com.st.stm32cube.ide.mcu.externaltools.gnu-tools-for-stm32.13.3.rel1.win32_1.0.0.202411081344/tools/bin/../lib/gcc/arm-none-eabi/13.3.1/../../../../arm-none-eabi/lib/thumb/v7-m/nofp\libc_nano.a(libc_a-mlock.o)
                0x0800cb9c                __malloc_unlock
 .text.__ssputs_r
                0x0800cba8       0xb6 C:/ST/STM32CubeIDE_1.18.1/STM32CubeIDE/plugins/com.st.stm32cube.ide.mcu.externaltools.gnu-tools-for-stm32.13.3.rel1.win32_1.0.0.202411081344/tools/bin/../lib/gcc/arm-none-eabi/13.3.1/../../../../arm-none-eabi/lib/thumb/v7-m/nofp\libc_nano.a(libc_a-nano-svfprintf.o)
                0x0800cba8                __ssputs_r
 *fill*         0x0800cc5e        0x2 
 .text._svfprintf_r
                0x0800cc60      0x1f8 C:/ST/STM32CubeIDE_1.18.1/STM32CubeIDE/plugins/com.st.stm32cube.ide.mcu.externaltools.gnu-tools-for-stm32.13.3.rel1.win32_1.0.0.202411081344/tools/bin/../lib/gcc/arm-none-eabi/13.3.1/../../../../arm-none-eabi/lib/thumb/v7-m/nofp\libc_nano.a(libc_a-nano-svfprintf.o)
                0x0800cc60                _svfiprintf_r
                0x0800cc60                _svfprintf_r
 .text._printf_common
                0x0800ce58       0xe4 C:/ST/STM32CubeIDE_1.18.1/STM32CubeIDE/plugins/com.st.stm32cube.ide.mcu.externaltools.gnu-tools-for-stm32.13.3.rel1.win32_1.0.0.202411081344/tools/bin/../lib/gcc/arm-none-eabi/13.3.1/../../../../arm-none-eabi/lib/thumb/v7-m/nofp\libc_nano.a(libc_a-nano-vfprintf_i.o)
                0x0800ce58                _printf_common
 .text._printf_i
                0x0800cf3c      0x23c C:/ST/STM32CubeIDE_1.18.1/STM32CubeIDE/plugins/com.st.stm32cube.ide.mcu.externaltools.gnu-tools-for-stm32.13.3.rel1.win32_1.0.0.202411081344/tools/bin/../lib/gcc/arm-none-eabi/13.3.1/../../../../arm-none-eabi/lib/thumb/v7-m/nofp\libc_nano.a(libc_a-nano-vfprintf_i.o)
                0x0800cf3c                _printf_i
 .text.__sflush_r
                0x0800d178      0x100 C:/ST/STM32CubeIDE_1.18.1/STM32CubeIDE/plugins/com.st.stm32cube.ide.mcu.externaltools.gnu-tools-for-stm32.13.3.rel1.win32_1.0.0.202411081344/tools/bin/../lib/gcc/arm-none-eabi/13.3.1/../../../../arm-none-eabi/lib/thumb/v7-m/nofp\libc_nano.a(libc_a-fflush.o)
                0x0800d178                __sflush_r
 .text._fflush_r
                0x0800d278       0x50 C:/ST/STM32CubeIDE_1.18.1/STM32CubeIDE/plugins/com.st.stm32cube.ide.mcu.externaltools.gnu-tools-for-stm32.13.3.rel1.win32_1.0.0.202411081344/tools/bin/../lib/gcc/arm-none-eabi/13.3.1/../../../../arm-none-eabi/lib/thumb/v7-m/nofp\libc_nano.a(libc_a-fflush.o)
                0x0800d278                _fflush_r
 .text.fprintf  0x0800d2c8       0x24 C:/ST/STM32CubeIDE_1.18.1/STM32CubeIDE/plugins/com.st.stm32cube.ide.mcu.externaltools.gnu-tools-for-stm32.13.3.rel1.win32_1.0.0.202411081344/tools/bin/../lib/gcc/arm-none-eabi/13.3.1/../../../../arm-none-eabi/lib/thumb/v7-m/nofp\libc_nano.a(libc_a-fprintf.o)
                0x0800d2c8                fiprintf
                0x0800d2c8                fprintf
 .text._sbrk_r  0x0800d2ec       0x20 C:/ST/STM32CubeIDE_1.18.1/STM32CubeIDE/plugins/com.st.stm32cube.ide.mcu.externaltools.gnu-tools-for-stm32.13.3.rel1.win32_1.0.0.202411081344/tools/bin/../lib/gcc/arm-none-eabi/13.3.1/../../../../arm-none-eabi/lib/thumb/v7-m/nofp\libc_nano.a(libc_a-sbrkr.o)
                0x0800d2ec                _sbrk_r
 .text.memchr   0x0800d30c       0x1c C:/ST/STM32CubeIDE_1.18.1/STM32CubeIDE/plugins/com.st.stm32cube.ide.mcu.externaltools.gnu-tools-for-stm32.13.3.rel1.win32_1.0.0.202411081344/tools/bin/../lib/gcc/arm-none-eabi/13.3.1/../../../../arm-none-eabi/lib/thumb/v7-m/nofp\libc_nano.a(libc_a-memchr-stub.o)
                0x0800d30c                memchr
 .text.abort    0x0800d328        0xe C:/ST/STM32CubeIDE_1.18.1/STM32CubeIDE/plugins/com.st.stm32cube.ide.mcu.externaltools.gnu-tools-for-stm32.13.3.rel1.win32_1.0.0.202411081344/tools/bin/../lib/gcc/arm-none-eabi/13.3.1/../../../../arm-none-eabi/lib/thumb/v7-m/nofp\libc_nano.a(libc_a-abort.o)
                0x0800d328                abort
 .text._realloc_r
                0x0800d336       0x5c C:/ST/STM32CubeIDE_1.18.1/STM32CubeIDE/plugins/com.st.stm32cube.ide.mcu.externaltools.gnu-tools-for-stm32.13.3.rel1.win32_1.0.0.202411081344/tools/bin/../lib/gcc/arm-none-eabi/13.3.1/../../../../arm-none-eabi/lib/thumb/v7-m/nofp\libc_nano.a(libc_a-reallocr.o)
                0x0800d336                _realloc_r
 .text.__sfputc_r
                0x0800d392       0x2a C:/ST/STM32CubeIDE_1.18.1/STM32CubeIDE/plugins/com.st.stm32cube.ide.mcu.externaltools.gnu-tools-for-stm32.13.3.rel1.win32_1.0.0.202411081344/tools/bin/../lib/gcc/arm-none-eabi/13.3.1/../../../../arm-none-eabi/lib/thumb/v7-m/nofp\libc_nano.a(libc_a-nano-vfprintf.o)
 .text.__sfputs_r
                0x0800d3bc       0x24 C:/ST/STM32CubeIDE_1.18.1/STM32CubeIDE/plugins/com.st.stm32cube.ide.mcu.externaltools.gnu-tools-for-stm32.13.3.rel1.win32_1.0.0.202411081344/tools/bin/../lib/gcc/arm-none-eabi/13.3.1/../../../../arm-none-eabi/lib/thumb/v7-m/nofp\libc_nano.a(libc_a-nano-vfprintf.o)
                0x0800d3bc                __sfputs_r
 .text._vfprintf_r
                0x0800d3e0      0x230 C:/ST/STM32CubeIDE_1.18.1/STM32CubeIDE/plugins/com.st.stm32cube.ide.mcu.externaltools.gnu-tools-for-stm32.13.3.rel1.win32_1.0.0.202411081344/tools/bin/../lib/gcc/arm-none-eabi/13.3.1/../../../../arm-none-eabi/lib/thumb/v7-m/nofp\libc_nano.a(libc_a-nano-vfprintf.o)
                0x0800d3e0                _vfprintf_r
                0x0800d3e0                _vfiprintf_r
 .text.__swbuf_r
                0x0800d610       0x7c C:/ST/STM32CubeIDE_1.18.1/STM32CubeIDE/plugins/com.st.stm32cube.ide.mcu.externaltools.gnu-tools-for-stm32.13.3.rel1.win32_1.0.0.202411081344/tools/bin/../lib/gcc/arm-none-eabi/13.3.1/../../../../arm-none-eabi/lib/thumb/v7-m/nofp\libc_nano.a(libc_a-wbuf.o)
                0x0800d610                __swbuf_r
 .text.__swsetup_r
                0x0800d68c       0xac C:/ST/STM32CubeIDE_1.18.1/STM32CubeIDE/plugins/com.st.stm32cube.ide.mcu.externaltools.gnu-tools-for-stm32.13.3.rel1.win32_1.0.0.202411081344/tools/bin/../lib/gcc/arm-none-eabi/13.3.1/../../../../arm-none-eabi/lib/thumb/v7-m/nofp\libc_nano.a(libc_a-wsetup.o)
                0x0800d68c                __swsetup_r
 .text._raise_r
                0x0800d738       0x50 C:/ST/STM32CubeIDE_1.18.1/STM32CubeIDE/plugins/com.st.stm32cube.ide.mcu.externaltools.gnu-tools-for-stm32.13.3.rel1.win32_1.0.0.202411081344/tools/bin/../lib/gcc/arm-none-eabi/13.3.1/../../../../arm-none-eabi/lib/thumb/v7-m/nofp\libc_nano.a(libc_a-signal.o)
                0x0800d738                _raise_r
 .text.raise    0x0800d788       0x10 C:/ST/STM32CubeIDE_1.18.1/STM32CubeIDE/plugins/com.st.stm32cube.ide.mcu.externaltools.gnu-tools-for-stm32.13.3.rel1.win32_1.0.0.202411081344/tools/bin/../lib/gcc/arm-none-eabi/13.3.1/../../../../arm-none-eabi/lib/thumb/v7-m/nofp\libc_nano.a(libc_a-signal.o)
                0x0800d788                raise
 .text._kill_r  0x0800d798       0x24 C:/ST/STM32CubeIDE_1.18.1/STM32CubeIDE/plugins/com.st.stm32cube.ide.mcu.externaltools.gnu-tools-for-stm32.13.3.rel1.win32_1.0.0.202411081344/tools/bin/../lib/gcc/arm-none-eabi/13.3.1/../../../../arm-none-eabi/lib/thumb/v7-m/nofp\libc_nano.a(libc_a-signalr.o)
                0x0800d798                _kill_r
 .text._getpid_r
                0x0800d7bc        0x4 C:/ST/STM32CubeIDE_1.18.1/STM32CubeIDE/plugins/com.st.stm32cube.ide.mcu.externaltools.gnu-tools-for-stm32.13.3.rel1.win32_1.0.0.202411081344/tools/bin/../lib/gcc/arm-none-eabi/13.3.1/../../../../arm-none-eabi/lib/thumb/v7-m/nofp\libc_nano.a(libc_a-signalr.o)
                0x0800d7bc                _getpid_r
 .text._malloc_usable_size_r
                0x0800d7c0       0x10 C:/ST/STM32CubeIDE_1.18.1/STM32CubeIDE/plugins/com.st.stm32cube.ide.mcu.externaltools.gnu-tools-for-stm32.13.3.rel1.win32_1.0.0.202411081344/tools/bin/../lib/gcc/arm-none-eabi/13.3.1/../../../../arm-none-eabi/lib/thumb/v7-m/nofp\libc_nano.a(libc_a-msizer.o)
                0x0800d7c0                _malloc_usable_size_r
 .text.__swhatbuf_r
                0x0800d7d0       0x4a C:/ST/STM32CubeIDE_1.18.1/STM32CubeIDE/plugins/com.st.stm32cube.ide.mcu.externaltools.gnu-tools-for-stm32.13.3.rel1.win32_1.0.0.202411081344/tools/bin/../lib/gcc/arm-none-eabi/13.3.1/../../../../arm-none-eabi/lib/thumb/v7-m/nofp\libc_nano.a(libc_a-makebuf.o)
                0x0800d7d0                __swhatbuf_r
 .text.__smakebuf_r
                0x0800d81a       0x78 C:/ST/STM32CubeIDE_1.18.1/STM32CubeIDE/plugins/com.st.stm32cube.ide.mcu.externaltools.gnu-tools-for-stm32.13.3.rel1.win32_1.0.0.202411081344/tools/bin/../lib/gcc/arm-none-eabi/13.3.1/../../../../arm-none-eabi/lib/thumb/v7-m/nofp\libc_nano.a(libc_a-makebuf.o)
                0x0800d81a                __smakebuf_r
 *fill*         0x0800d892        0x2 
 .text._fstat_r
                0x0800d894       0x24 C:/ST/STM32CubeIDE_1.18.1/STM32CubeIDE/plugins/com.st.stm32cube.ide.mcu.externaltools.gnu-tools-for-stm32.13.3.rel1.win32_1.0.0.202411081344/tools/bin/../lib/gcc/arm-none-eabi/13.3.1/../../../../arm-none-eabi/lib/thumb/v7-m/nofp\libc_nano.a(libc_a-fstatr.o)
                0x0800d894                _fstat_r
 .text._isatty_r
                0x0800d8b8       0x20 C:/ST/STM32CubeIDE_1.18.1/STM32CubeIDE/plugins/com.st.stm32cube.ide.mcu.externaltools.gnu-tools-for-stm32.13.3.rel1.win32_1.0.0.202411081344/tools/bin/../lib/gcc/arm-none-eabi/13.3.1/../../../../arm-none-eabi/lib/thumb/v7-m/nofp\libc_nano.a(libc_a-isattyr.o)
                0x0800d8b8                _isatty_r
 *(.glue_7)
 .glue_7        0x0800d8d8        0x0 linker stubs
 *(.glue_7t)
 .glue_7t       0x0800d8d8        0x0 linker stubs
 *(.eh_frame)
 .eh_frame      0x0800d8d8        0x0 C:/ST/STM32CubeIDE_1.18.1/STM32CubeIDE/plugins/com.st.stm32cube.ide.mcu.externaltools.gnu-tools-for-stm32.13.3.rel1.win32_1.0.0.202411081344/tools/bin/../lib/gcc/arm-none-eabi/13.3.1/thumb/v7-m/nofp/crtbegin.o
 *(.init)
 .init          0x0800d8d8        0x4 C:/ST/STM32CubeIDE_1.18.1/STM32CubeIDE/plugins/com.st.stm32cube.ide.mcu.externaltools.gnu-tools-for-stm32.13.3.rel1.win32_1.0.0.202411081344/tools/bin/../lib/gcc/arm-none-eabi/13.3.1/thumb/v7-m/nofp/crti.o
                0x0800d8d8                _init
 .init          0x0800d8dc        0x8 C:/ST/STM32CubeIDE_1.18.1/STM32CubeIDE/plugins/com.st.stm32cube.ide.mcu.externaltools.gnu-tools-for-stm32.13.3.rel1.win32_1.0.0.202411081344/tools/bin/../lib/gcc/arm-none-eabi/13.3.1/thumb/v7-m/nofp/crtn.o
 *(.fini)
 .fini          0x0800d8e4        0x4 C:/ST/STM32CubeIDE_1.18.1/STM32CubeIDE/plugins/com.st.stm32cube.ide.mcu.externaltools.gnu-tools-for-stm32.13.3.rel1.win32_1.0.0.202411081344/tools/bin/../lib/gcc/arm-none-eabi/13.3.1/thumb/v7-m/nofp/crti.o
                0x0800d8e4                _fini
 .fini          0x0800d8e8        0x8 C:/ST/STM32CubeIDE_1.18.1/STM32CubeIDE/plugins/com.st.stm32cube.ide.mcu.externaltools.gnu-tools-for-stm32.13.3.rel1.win32_1.0.0.202411081344/tools/bin/../lib/gcc/arm-none-eabi/13.3.1/thumb/v7-m/nofp/crtn.o
                0x0800d8f0                        . = ALIGN (0x4)
                0x0800d8f0                        _etext = .

.vfp11_veneer   0x0800d8f0        0x0
 .vfp11_veneer  0x0800d8f0        0x0 linker stubs

.v4_bx          0x0800d8f0        0x0
 .v4_bx         0x0800d8f0        0x0 linker stubs

.iplt           0x0800d8f0        0x0
 .iplt          0x0800d8f0        0x0 C:/ST/STM32CubeIDE_1.18.1/STM32CubeIDE/plugins/com.st.stm32cube.ide.mcu.externaltools.gnu-tools-for-stm32.13.3.rel1.win32_1.0.0.202411081344/tools/bin/../lib/gcc/arm-none-eabi/13.3.1/thumb/v7-m/nofp/crtbegin.o

.rodata         0x0800d8f0      0x524
                0x0800d8f0                        . = ALIGN (0x4)
 *(.rodata)
 .rodata        0x0800d8f0      0x110 ./Core/Src/commands.o
 .rodata        0x0800da00       0x60 ./Core/Src/core_main.o
 .rodata        0x0800da60       0x46 ./USB_DEVICE/App/usbd_desc.o
 *(.rodata*)
 *fill*         0x0800daa6        0x2 
 .rodata._ZL16rx_word_commands
                0x0800daa8       0x40 ./Core/Src/commands.o
 .rodata._ZL11rx_commands
                0x0800dae8       0x50 ./Core/Src/commands.o
 .rodata._ZL16tx_time_commands
                0x0800db38       0x20 ./Core/Src/commands.o
 .rodata._ZL17tx_delay_commands
                0x0800db58       0x20 ./Core/Src/commands.o
 .rodata._ZL11tx_commands
                0x0800db78       0x50 ./Core/Src/commands.o
 .rodata._ZL9usb_nodes
                0x0800dbc8       0x40 ./Core/Src/commands.o
 .rodata.version
                0x0800dc08        0x6 ./Core/Src/core_main.o
                0x0800dc08                version
 *fill*         0x0800dc0e        0x2 
 .rodata.AHBPrescTable
                0x0800dc10       0x10 ./Core/Src/sys/system_stm32f1xx.o
                0x0800dc10                AHBPrescTable
 .rodata.aPLLMULFactorTable.1
                0x0800dc20       0x10 ./Drivers/STM32F1xx_HAL_Driver/Src/stm32f1xx_hal_rcc.o
 .rodata.aPredivFactorTable.0
                0x0800dc30        0x2 ./Drivers/STM32F1xx_HAL_Driver/Src/stm32f1xx_hal_rcc.o
 .rodata._ctype_
                0x0800dc32      0x101 C:/ST/STM32CubeIDE_1.18.1/STM32CubeIDE/plugins/com.st.stm32cube.ide.mcu.externaltools.gnu-tools-for-stm32.13.3.rel1.win32_1.0.0.202411081344/tools/bin/../lib/gcc/arm-none-eabi/13.3.1/../../../../arm-none-eabi/lib/thumb/v7-m/nofp\libc_nano.a(libc_a-ctype_.o)
                0x0800dc32                _ctype_
 .rodata.strtok.str1.1
                0x0800dd33       0xe0 C:/ST/STM32CubeIDE_1.18.1/STM32CubeIDE/plugins/com.st.stm32cube.ide.mcu.externaltools.gnu-tools-for-stm32.13.3.rel1.win32_1.0.0.202411081344/tools/bin/../lib/gcc/arm-none-eabi/13.3.1/../../../../arm-none-eabi/lib/thumb/v7-m/nofp\libc_nano.a(libc_a-strtok.o)
                                 0x71 (size before relaxing)
 .rodata.__assert_func.str1.1
                0x0800de13       0x3d C:/ST/STM32CubeIDE_1.18.1/STM32CubeIDE/plugins/com.st.stm32cube.ide.mcu.externaltools.gnu-tools-for-stm32.13.3.rel1.win32_1.0.0.202411081344/tools/bin/../lib/gcc/arm-none-eabi/13.3.1/../../../../arm-none-eabi/lib/thumb/v7-m/nofp\libc_nano.a(libc_a-assert.o)
 .rodata._svfprintf_r.str1.1
                0x0800de13       0x11 C:/ST/STM32CubeIDE_1.18.1/STM32CubeIDE/plugins/com.st.stm32cube.ide.mcu.externaltools.gnu-tools-for-stm32.13.3.rel1.win32_1.0.0.202411081344/tools/bin/../lib/gcc/arm-none-eabi/13.3.1/../../../../arm-none-eabi/lib/thumb/v7-m/nofp\libc_nano.a(libc_a-nano-svfprintf.o)
 .rodata._printf_i.str1.1
                0x0800de13       0x22 C:/ST/STM32CubeIDE_1.18.1/STM32CubeIDE/plugins/com.st.stm32cube.ide.mcu.externaltools.gnu-tools-for-stm32.13.3.rel1.win32_1.0.0.202411081344/tools/bin/../lib/gcc/arm-none-eabi/13.3.1/../../../../arm-none-eabi/lib/thumb/v7-m/nofp\libc_nano.a(libc_a-nano-vfprintf_i.o)
 .rodata._vfprintf_r.str1.1
                0x0800de13       0x11 C:/ST/STM32CubeIDE_1.18.1/STM32CubeIDE/plugins/com.st.stm32cube.ide.mcu.externaltools.gnu-tools-for-stm32.13.3.rel1.win32_1.0.0.202411081344/tools/bin/../lib/gcc/arm-none-eabi/13.3.1/../../../../arm-none-eabi/lib/thumb/v7-m/nofp\libc_nano.a(libc_a-nano-vfprintf.o)
                0x0800de50                        . = ALIGN (0x4)
 *fill*         0x0800de13        0x1 

.ARM.extab      0x0800de14        0x0
                0x0800de14                        . = ALIGN (0x4)
 *(.ARM.extab* .gnu.linkonce.armextab.*)
                0x0800de14                        . = ALIGN (0x4)

.ARM            0x0800de14        0x8
                0x0800de14                        . = ALIGN (0x4)
                0x0800de14                        __exidx_start = .
 *(.ARM.exidx*)
 .ARM.exidx     0x0800de14        0x8 C:/ST/STM32CubeIDE_1.18.1/STM32CubeIDE/plugins/com.st.stm32cube.ide.mcu.externaltools.gnu-tools-for-stm32.13.3.rel1.win32_1.0.0.202411081344/tools/bin/../lib/gcc/arm-none-eabi/13.3.1/../../../../arm-none-eabi/lib/thumb/v7-m/nofp\libc_nano.a(libc_a-strcmp.o)
 .ARM.exidx     0x0800de1c        0x0 C:/ST/STM32CubeIDE_1.18.1/STM32CubeIDE/plugins/com.st.stm32cube.ide.mcu.externaltools.gnu-tools-for-stm32.13.3.rel1.win32_1.0.0.202411081344/tools/bin/../lib/gcc/arm-none-eabi/13.3.1/../../../../arm-none-eabi/lib/thumb/v7-m/nofp\libc_nano.a(libc_a-strlen.o)
                                  0x8 (size before relaxing)
                0x0800de1c                        __exidx_end = .
                0x0800de1c                        . = ALIGN (0x4)

.preinit_array  0x0800de1c        0x0
                0x0800de1c                        . = ALIGN (0x4)
                0x0800de1c                        PROVIDE (__preinit_array_start = .)
 *(.preinit_array*)
                0x0800de1c                        PROVIDE (__preinit_array_end = .)
                0x0800de1c                        . = ALIGN (0x4)

.init_array     0x0800de1c        0xc
                0x0800de1c                        . = ALIGN (0x4)
                0x0800de1c                        PROVIDE (__init_array_start = .)
 *(SORT_BY_NAME(.init_array.*))
 *(.init_array*)
 .init_array    0x0800de1c        0x4 C:/ST/STM32CubeIDE_1.18.1/STM32CubeIDE/plugins/com.st.stm32cube.ide.mcu.externaltools.gnu-tools-for-stm32.13.3.rel1.win32_1.0.0.202411081344/tools/bin/../lib/gcc/arm-none-eabi/13.3.1/thumb/v7-m/nofp/crtbegin.o
 .init_array    0x0800de20        0x4 ./Core/Src/receiver.o
 .init_array    0x0800de24        0x4 ./Core/Src/transmitter.o
                0x0800de28                        PROVIDE (__init_array_end = .)
                0x0800de28                        . = ALIGN (0x4)

.fini_array     0x0800de28        0x4
                0x0800de28                        . = ALIGN (0x4)
                [!provide]                        PROVIDE (__fini_array_start = .)
 *(SORT_BY_NAME(.fini_array.*))
 *(.fini_array*)
 .fini_array    0x0800de28        0x4 C:/ST/STM32CubeIDE_1.18.1/STM32CubeIDE/plugins/com.st.stm32cube.ide.mcu.externaltools.gnu-tools-for-stm32.13.3.rel1.win32_1.0.0.202411081344/tools/bin/../lib/gcc/arm-none-eabi/13.3.1/thumb/v7-m/nofp/crtbegin.o
                [!provide]                        PROVIDE (__fini_array_end = .)
                0x0800de2c                        . = ALIGN (0x4)
                0x0800de2c                        _sidata = LOADADDR (.data)

.rel.dyn        0x0800de2c        0x0
 .rel.iplt      0x0800de2c        0x0 C:/ST/STM32CubeIDE_1.18.1/STM32CubeIDE/plugins/com.st.stm32cube.ide.mcu.externaltools.gnu-tools-for-stm32.13.3.rel1.win32_1.0.0.202411081344/tools/bin/../lib/gcc/arm-none-eabi/13.3.1/thumb/v7-m/nofp/crtbegin.o

.data           0x20000000      0x1e0 load address 0x0800de2c
                0x20000000                        . = ALIGN (0x4)
                0x20000000                        _sdata = .
 *(.data)
 *(.data*)
 .data.timeout_ms
                0x20000000        0x2 ./Core/Src/core_main.o
                0x20000000                timeout_ms
 *fill*         0x20000002        0x2 
 .data.period_lim
                0x20000004        0x4 ./Core/Src/receiver.o
                0x20000004                period_lim
 .data.SystemCoreClock
                0x20000008        0x4 ./Core/Src/sys/system_stm32f1xx.o
                0x20000008                SystemCoreClock
 .data.uwTickPrio
                0x2000000c        0x4 ./Drivers/STM32F1xx_HAL_Driver/Src/stm32f1xx_hal.o
                0x2000000c                uwTickPrio
 .data.uwTickFreq
                0x20000010        0x1 ./Drivers/STM32F1xx_HAL_Driver/Src/stm32f1xx_hal.o
                0x20000010                uwTickFreq
 *fill*         0x20000011        0x3 
 .data.USBD_CDC_DeviceQualifierDesc
                0x20000014        0xa ./Middlewares/ST/STM32_USB_Device_Library/Class/CDC/Src/usbd_cdc.o
 *fill*         0x2000001e        0x2 
 .data.USBD_CDC
                0x20000020       0x38 ./Middlewares/ST/STM32_USB_Device_Library/Class/CDC/Src/usbd_cdc.o
                0x20000020                USBD_CDC
 .data.USBD_CDC_CfgHSDesc
                0x20000058       0x43 ./Middlewares/ST/STM32_USB_Device_Library/Class/CDC/Src/usbd_cdc.o
                0x20000058                USBD_CDC_CfgHSDesc
 *fill*         0x2000009b        0x1 
 .data.USBD_CDC_CfgFSDesc
                0x2000009c       0x43 ./Middlewares/ST/STM32_USB_Device_Library/Class/CDC/Src/usbd_cdc.o
                0x2000009c                USBD_CDC_CfgFSDesc
 *fill*         0x200000df        0x1 
 .data.USBD_CDC_OtherSpeedCfgDesc
                0x200000e0       0x43 ./Middlewares/ST/STM32_USB_Device_Library/Class/CDC/Src/usbd_cdc.o
                0x200000e0                USBD_CDC_OtherSpeedCfgDesc
 *fill*         0x20000123        0x1 
 .data.USBD_Interface_fops_FS
                0x20000124       0x10 ./USB_DEVICE/App/usbd_cdc_if.o
                0x20000124                USBD_Interface_fops_FS
 .data.FS_Desc  0x20000134       0x1c ./USB_DEVICE/App/usbd_desc.o
                0x20000134                FS_Desc
 .data.USBD_FS_DeviceDesc
                0x20000150       0x12 ./USB_DEVICE/App/usbd_desc.o
                0x20000150                USBD_FS_DeviceDesc
 *fill*         0x20000162        0x2 
 .data.USBD_LangIDDesc
                0x20000164        0x4 ./USB_DEVICE/App/usbd_desc.o
                0x20000164                USBD_LangIDDesc
 .data.USBD_StringSerial
                0x20000168       0x1a ./USB_DEVICE/App/usbd_desc.o
                0x20000168                USBD_StringSerial
 *fill*         0x20000182        0x2 
 .data.__sglue  0x20000184        0xc C:/ST/STM32CubeIDE_1.18.1/STM32CubeIDE/plugins/com.st.stm32cube.ide.mcu.externaltools.gnu-tools-for-stm32.13.3.rel1.win32_1.0.0.202411081344/tools/bin/../lib/gcc/arm-none-eabi/13.3.1/../../../../arm-none-eabi/lib/thumb/v7-m/nofp\libc_nano.a(libc_a-findfp.o)
                0x20000184                __sglue
 .data._impure_ptr
                0x20000190        0x4 C:/ST/STM32CubeIDE_1.18.1/STM32CubeIDE/plugins/com.st.stm32cube.ide.mcu.externaltools.gnu-tools-for-stm32.13.3.rel1.win32_1.0.0.202411081344/tools/bin/../lib/gcc/arm-none-eabi/13.3.1/../../../../arm-none-eabi/lib/thumb/v7-m/nofp\libc_nano.a(libc_a-impure.o)
                0x20000190                _impure_ptr
 .data._impure_data
                0x20000194       0x4c C:/ST/STM32CubeIDE_1.18.1/STM32CubeIDE/plugins/com.st.stm32cube.ide.mcu.externaltools.gnu-tools-for-stm32.13.3.rel1.win32_1.0.0.202411081344/tools/bin/../lib/gcc/arm-none-eabi/13.3.1/../../../../arm-none-eabi/lib/thumb/v7-m/nofp\libc_nano.a(libc_a-impure.o)
                0x20000194                _impure_data
 *(.RamFunc)
 *(.RamFunc*)